MPLINK 5.00, LINKER
Linker Map File - Created Fri May 13 12:31:45 2022

                                 Section Info
                  Section       Type    Address   Location Size(Bytes)
                ---------  ---------  ---------  ---------  ---------
               _entry_scn       code   0x000000    program   0x000006
           .code___init.o       code   0x000006    program   0x000002
      InterruptVectorHigh       code   0x000008    program   0x000006
     .idata_interrupt.o_i    romdata   0x00000e    program   0x000004
         .idata_c018i.o_i    romdata   0x000012    program   0x000000
            .code_c018i.o       code   0x000012    program   0x000000
        .idata___init.o_i    romdata   0x000012    program   0x000000
       .idata_fxm3232.o_i    romdata   0x000012    program   0x000000
      .idata_fxd3232u.o_i    romdata   0x000012    program   0x000000
      .idata_fxd2424u.o_i    romdata   0x000012    program   0x000000
      .idata_fxd1616u.o_i    romdata   0x000012    program   0x000000
      .idata_fxd0808u.o_i    romdata   0x000012    program   0x000000
           .idata_adc.o_i    romdata   0x000012    program   0x000000
       InterruptVectorLow       code   0x000018    program   0x000006
                   .cinit    romdata   0x00001e    program   0x00006e
             .code_main.o       code   0x00008c    program   0x0013de
              .code_lcd.o       code   0x00146a    program   0x000e40
           .code_button.o       code   0x0022aa    program   0x0007b2
             .code_uart.o       code   0x002a5c    program   0x000578
            .code_timer.o       code   0x002fd4    program   0x00051c
              .code_i2c.o       code   0x0034f0    program   0x000340
             .stringtable    romdata   0x003830    program   0x000275
         .romdata_c018i.o    romdata   0x003aa5    program   0x000000
           .romdata_i2c.o    romdata   0x003aa5    program   0x000000
          .romdata_main.o    romdata   0x003aa5    program   0x000000
           .romdata_adc.o    romdata   0x003aa5    program   0x000000
        .romdata___init.o    romdata   0x003aa5    program   0x000000
           .idata_pwm.o_i    romdata   0x003aa5    program   0x000001
           .romdata_pwm.o    romdata   0x003aa5    program   0x000000
.romdata_simulate_machine.o    romdata   0x003aa5    program   0x000000
  .idata_set_time_onl.o_i    romdata   0x003aa5    program   0x000000
       .romdata_fxm3232.o    romdata   0x003aa5    program   0x000000
  .romdata_set_time_onl.o    romdata   0x003aa5    program   0x000000
      .romdata_fxd0808u.o    romdata   0x003aa5    program   0x000000
      .romdata_fxd1616u.o    romdata   0x003aa5    program   0x000000
      .romdata_fxd2424u.o    romdata   0x003aa5    program   0x000000
          .romdata_uart.o    romdata   0x003aa5    program   0x000000
      .romdata_fxd3232u.o    romdata   0x003aa5    program   0x000000
           .romdata_lcd.o    romdata   0x003aa5    program   0x000000
         .romdata_timer.o    romdata   0x003aa5    program   0x000000
     .romdata_interrupt.o    romdata   0x003aa5    program   0x000000
        .romdata_button.o    romdata   0x003aa5    program   0x000000
        .code_interrupt.o       code   0x003aa6    program   0x0001f4
 .code_simulate_machine.o       code   0x003c9a    program   0x000116
                     PROG       code   0x003db0    program   0x0000a6
               _cinit_scn       code   0x003e56    program   0x00009e
              .code_adc.o       code   0x003ef4    program   0x000090
     .code_set_time_onl.o       code   0x003f84    program   0x00007a
          .code_fxm3232.o       code   0x003ffe    program   0x000070
         .code_fxd3232u.o       code   0x00406e    program   0x000048
         .code_fxd2424u.o       code   0x0040b6    program   0x00003a
              .code_pwm.o       code   0x0040f0    program   0x000038
         .code_fxd1616u.o       code   0x004128    program   0x00002c
                    .code       code   0x004154    program   0x000020
             _startup_scn       code   0x004174    program   0x00001c
         .code_fxd0808u.o       code   0x004190    program   0x00001c
          .idata_uart.o_i    romdata   0x0041ac    program   0x000020
         .idata_timer.o_i    romdata   0x0041cc    program   0x000020
.idata_simulate_machine.o_i    romdata   0x0041ec    program   0x000013
          .idata_main.o_i    romdata   0x0041ff    program   0x00006e
           .idata_lcd.o_i    romdata   0x00426d    program   0x000061
           .idata_i2c.o_i    romdata   0x0042ce    program   0x00001b
        .idata_button.o_i    romdata   0x0042e9    program   0x000028
    .config_300001_main.o    romdata   0x300001    program   0x000001
    .config_300002_main.o    romdata   0x300002    program   0x000001
    .config_300003_main.o    romdata   0x300003    program   0x000001
    .config_300005_main.o    romdata   0x300005    program   0x000001
    .config_300006_main.o    romdata   0x300006    program   0x000001
    .config_300008_main.o    romdata   0x300008    program   0x000001
    .config_300009_main.o    romdata   0x300009    program   0x000001
    .config_30000a_main.o    romdata   0x30000a    program   0x000001
    .config_30000b_main.o    romdata   0x30000b    program   0x000001
    .config_30000c_main.o    romdata   0x30000c    program   0x000001
    .config_30000d_main.o    romdata   0x30000d    program   0x000001
                MATH_DATA      udata   0x000000       data   0x000010
                 .tmpdata      udata   0x000010       data   0x00000a
            .idata_main.o      idata   0x000080       data   0x00006e
            .udata_main.o      udata   0x0000ee       data   0x000005
             .udata_lcd.o      udata   0x0000f3       data   0x000004
       .idata_interrupt.o      idata   0x0000f7       data   0x000004
             .udata_pwm.o      udata   0x0000fb       data   0x000001
             .udata_i2c.o      udata   0x0000fc       data   0x000001
             .idata_pwm.o      idata   0x0000fd       data   0x000001
        .udata_fxd3232u.o      udata   0x0000fe       data   0x000000
        .idata_fxd2424u.o      idata   0x0000fe       data   0x000000
        .udata_fxd2424u.o      udata   0x0000fe       data   0x000000
        .idata_fxd1616u.o      idata   0x0000fe       data   0x000000
        .udata_fxd1616u.o      udata   0x0000fe       data   0x000000
        .idata_fxd0808u.o      idata   0x0000fe       data   0x000000
        .udata_fxd0808u.o      udata   0x0000fe       data   0x000000
        .idata_fxd3232u.o      idata   0x0000fe       data   0x000000
    .idata_set_time_onl.o      idata   0x0000fe       data   0x000000
    .udata_set_time_onl.o      udata   0x0000fe       data   0x000000
         .udata_fxm3232.o      udata   0x0000fe       data   0x000000
         .idata_fxm3232.o      idata   0x0000fe       data   0x000000
          .udata___init.o      udata   0x0000fe       data   0x000000
             .idata_adc.o      idata   0x0000fe       data   0x000000
          .idata___init.o      idata   0x0000fe       data   0x000000
           .idata_c018i.o      idata   0x0000fe       data   0x000000
           .udata_timer.o      udata   0x0000fe       data   0x000000
            .udata_uart.o      udata   0x0000fe       data   0x000000
       .udata_interrupt.o      udata   0x0000fe       data   0x000000
          .udata_button.o      udata   0x0000fe       data   0x000000
             .idata_lcd.o      idata   0x000100       data   0x000061
          .idata_button.o      idata   0x000161       data   0x000028
            .idata_uart.o      idata   0x000189       data   0x000020
           .idata_timer.o      idata   0x0001a9       data   0x000020
             .udata_adc.o      udata   0x0001c9       data   0x00001a
.idata_simulate_machine.o      idata   0x0001e3       data   0x000013
           .udata_c018i.o      udata   0x0001f6       data   0x00000a
                   .stack      udata   0x000e00       data   0x000100
.udata_simulate_machine.o      udata   0x000f00       data   0x000065
             .idata_i2c.o      idata   0x000f65       data   0x00001b
            SFR_UNBANKED0      udata   0x000f80       data   0x000080



                              Program Memory Usage 
                               Start         End      
                           ---------   ---------      
                            0x000000    0x000011      
                            0x000018    0x004310      
                            0x300001    0x300003      
                            0x300005    0x300006      
                            0x300008    0x30000d      
            17174 out of 66584 program addresses used, program memory utilization is 25%



                              Symbols - Sorted by Name
                     Name    Address   Location    Storage File                     
                ---------  ---------  ---------  --------- ---------                
         App_PasswordDoor   0x0004b8    program     extern E:\DO_AN_TKLL\DO_AN_CUOC_DOI\traffic_demo\main.c
                 Auto_FSM   0x000cfc    program     extern E:\DO_AN_TKLL\DO_AN_CUOC_DOI\traffic_demo\main.c
                  BCD2Dec   0x0034f0    program     extern E:\DO_AN_TKLL\DO_AN_CUOC_DOI\traffic_demo\i2c\i2c.c
            CheckPassword   0x000a32    program     extern E:\DO_AN_TKLL\DO_AN_CUOC_DOI\traffic_demo\main.c
              CloseOutput   0x000220    program     extern E:\DO_AN_TKLL\DO_AN_CUOC_DOI\traffic_demo\main.c
                   D1616S   0x003dd2    program     static E:\3.46\pic18-lt\cxx-framework\src\traditional\math\fxd1616s.asm
                D1616SNEG   0x003de0    program     static E:\3.46\pic18-lt\cxx-framework\src\traditional\math\fxd1616s.asm
                 D1616SOK   0x003ddc    program     static E:\3.46\pic18-lt\cxx-framework\src\traditional\math\fxd1616s.asm
                  D1616SX   0x003df2    program     static E:\3.46\pic18-lt\cxx-framework\src\traditional\math\fxd1616s.asm
                   D2424S   0x003e26    program     static E:\3.46\pic18-lt\cxx-framework\src\traditional\math\fxd2424s.asm
                D2424SNEG   0x003e34    program     static E:\3.46\pic18-lt\cxx-framework\src\traditional\math\fxd2424s.asm
                 D2424SOK   0x003e30    program     static E:\3.46\pic18-lt\cxx-framework\src\traditional\math\fxd2424s.asm
                  D2424SX   0x003e4c    program     static E:\3.46\pic18-lt\cxx-framework\src\traditional\math\fxd2424s.asm
                  DA1616S   0x003dc2    program     static E:\3.46\pic18-lt\cxx-framework\src\traditional\math\fxd1616s.asm
                  DA2424S   0x003e12    program     static E:\3.46\pic18-lt\cxx-framework\src\traditional\math\fxd2424s.asm
                  Dec2BCD   0x00352e    program     extern E:\DO_AN_TKLL\DO_AN_CUOC_DOI\traffic_demo\i2c\i2c.c
       DisplayDataReceive   0x003d26    program     extern E:\DO_AN_TKLL\DO_AN_CUOC_DOI\traffic_demo\simulate_machine\simulate_machine.c
         DisplayLcdScreen   0x001daa    program     extern E:\DO_AN_TKLL\DO_AN_CUOC_DOI\traffic_demo\lcd\lcd.c
        DisplayLcdScreen2   0x001ea2    program     extern E:\DO_AN_TKLL\DO_AN_CUOC_DOI\traffic_demo\lcd\lcd.c
      DisplayLcdScreenOld   0x001f28    program     extern E:\DO_AN_TKLL\DO_AN_CUOC_DOI\traffic_demo\lcd\lcd.c
                 FXD0808U   0x004190    program     extern E:\3.46\pic18-lt\cxx-framework\src\traditional\math\fxd0808u.c
                 FXD1616S   0x003db0    program     extern E:\3.46\pic18-lt\cxx-framework\src\traditional\math\fxd1616s.asm
                 FXD1616U   0x004128    program     extern E:\3.46\pic18-lt\cxx-framework\src\traditional\math\fxd1616u.c
                 FXD2424S   0x003dfc    program     extern E:\3.46\pic18-lt\cxx-framework\src\traditional\math\fxd2424s.asm
                 FXD2424U   0x0040b6    program     extern E:\3.46\pic18-lt\cxx-framework\src\traditional\math\fxd2424u.c
                 FXD3232U   0x00406e    program     extern E:\3.46\pic18-lt\cxx-framework\src\traditional\math\fxd3232u.c
                  FXM3232   0x003ffe    program     extern E:\3.46\pic18-lt\cxx-framework\src\traditional\math\fxm3232.c
      InterruptVectorHigh   0x000008    program     extern E:\DO_AN_TKLL\DO_AN_CUOC_DOI\traffic_demo\interrupt\interrupt.c
       InterruptVectorLow   0x000018    program     extern E:\DO_AN_TKLL\DO_AN_CUOC_DOI\traffic_demo\interrupt\interrupt.c
                LcdClearS   0x001d4c    program     extern E:\DO_AN_TKLL\DO_AN_CUOC_DOI\traffic_demo\lcd\lcd.c
            LcdPrintCharS   0x001f92    program     extern E:\DO_AN_TKLL\DO_AN_CUOC_DOI\traffic_demo\lcd\lcd.c
              LcdPrintNum   0x001c8a    program     extern E:\DO_AN_TKLL\DO_AN_CUOC_DOI\traffic_demo\lcd\lcd.c
             LcdPrintNumS   0x002006    program     extern E:\DO_AN_TKLL\DO_AN_CUOC_DOI\traffic_demo\lcd\lcd.c
           LcdPrintString   0x001cd2    program     extern E:\DO_AN_TKLL\DO_AN_CUOC_DOI\traffic_demo\lcd\lcd.c
          LcdPrintStringS   0x002254    program     extern E:\DO_AN_TKLL\DO_AN_CUOC_DOI\traffic_demo\lcd\lcd.c
                 LockDoor   0x000bc4    program     extern E:\DO_AN_TKLL\DO_AN_CUOC_DOI\traffic_demo\main.c
               OpenOutput   0x0001d0    program     extern E:\DO_AN_TKLL\DO_AN_CUOC_DOI\traffic_demo\main.c
           Phase1_GreenOn   0x000bd4    program     extern E:\DO_AN_TKLL\DO_AN_CUOC_DOI\traffic_demo\main.c
               Phase1_Off   0x000c58    program     extern E:\DO_AN_TKLL\DO_AN_CUOC_DOI\traffic_demo\main.c
             Phase1_RedOn   0x000c2c    program     extern E:\DO_AN_TKLL\DO_AN_CUOC_DOI\traffic_demo\main.c
          Phase1_YellowOn   0x000c00    program     extern E:\DO_AN_TKLL\DO_AN_CUOC_DOI\traffic_demo\main.c
           Phase2_GreenOn   0x000c84    program     extern E:\DO_AN_TKLL\DO_AN_CUOC_DOI\traffic_demo\main.c
               Phase2_Off   0x000cde    program     extern E:\DO_AN_TKLL\DO_AN_CUOC_DOI\traffic_demo\main.c
             Phase2_RedOn   0x000cc0    program     extern E:\DO_AN_TKLL\DO_AN_CUOC_DOI\traffic_demo\main.c
          Phase2_YellowOn   0x000ca2    program     extern E:\DO_AN_TKLL\DO_AN_CUOC_DOI\traffic_demo\main.c
            ReverseOutput   0x000270    program     extern E:\DO_AN_TKLL\DO_AN_CUOC_DOI\traffic_demo\main.c
             SetTimer0_ms   0x003450    program     extern E:\DO_AN_TKLL\DO_AN_CUOC_DOI\traffic_demo\timer\timer.c
             SetTimer1_ms   0x003474    program     extern E:\DO_AN_TKLL\DO_AN_CUOC_DOI\traffic_demo\timer\timer.c
             SetTimer3_ms   0x0034b2    program     extern E:\DO_AN_TKLL\DO_AN_CUOC_DOI\traffic_demo\timer\timer.c
         SimulatedataSend   0x003d24    program     extern E:\DO_AN_TKLL\DO_AN_CUOC_DOI\traffic_demo\simulate_machine\simulate_machine.c
               TestOutput   0x0002ec    program     extern E:\DO_AN_TKLL\DO_AN_CUOC_DOI\traffic_demo\main.c
           Traffic_System   0x00036a    program     extern E:\DO_AN_TKLL\DO_AN_CUOC_DOI\traffic_demo\main.c
            UartGetString   0x002cf4    program     extern E:\DO_AN_TKLL\DO_AN_CUOC_DOI\traffic_demo\uart\uart.c
              UartSendNum   0x002d9c    program     extern E:\DO_AN_TKLL\DO_AN_CUOC_DOI\traffic_demo\uart\uart.c
           UartSendString   0x002b5e    program     extern E:\DO_AN_TKLL\DO_AN_CUOC_DOI\traffic_demo\uart\uart.c
               UnlockDoor   0x000bb4    program     extern E:\DO_AN_TKLL\DO_AN_CUOC_DOI\traffic_demo\main.c
       ___return_lbl00000   0x00406c    program     static                          
       ___return_lbl00000   0x004152    program     static                          
       ___return_lbl00000   0x000004    program     static                          
       ___return_lbl00000   0x0040ee    program     static                          
       ___return_lbl00000   0x0040b4    program     static                          
       ___return_lbl00000   0x0041aa    program     static                          
       ___return_lbl00001   0x00418e    program     static                          
       ___return_lbl00002   0x003ef2    program     static                          
       ___return_lbl00002   0x00001c    program     static                          
       ___return_lbl00003   0x00000c    program     static                          
               __config_0   0x300001    program     static E:\DO_AN_TKLL\DO_AN_CUOC_DOI\traffic_demo\main.c
               __config_1   0x300002    program     static E:\DO_AN_TKLL\DO_AN_CUOC_DOI\traffic_demo\main.c
              __config_10   0x30000d    program     static E:\DO_AN_TKLL\DO_AN_CUOC_DOI\traffic_demo\main.c
               __config_2   0x300003    program     static E:\DO_AN_TKLL\DO_AN_CUOC_DOI\traffic_demo\main.c
               __config_3   0x300005    program     static E:\DO_AN_TKLL\DO_AN_CUOC_DOI\traffic_demo\main.c
               __config_4   0x300006    program     static E:\DO_AN_TKLL\DO_AN_CUOC_DOI\traffic_demo\main.c
               __config_5   0x300008    program     static E:\DO_AN_TKLL\DO_AN_CUOC_DOI\traffic_demo\main.c
               __config_6   0x300009    program     static E:\DO_AN_TKLL\DO_AN_CUOC_DOI\traffic_demo\main.c
               __config_7   0x30000a    program     static E:\DO_AN_TKLL\DO_AN_CUOC_DOI\traffic_demo\main.c
               __config_8   0x30000b    program     static E:\DO_AN_TKLL\DO_AN_CUOC_DOI\traffic_demo\main.c
               __config_9   0x30000c    program     static E:\DO_AN_TKLL\DO_AN_CUOC_DOI\traffic_demo\main.c
                   __init   0x000006    program     extern E:\3.46\pic18-lt\cxx-framework\src\traditional\stdclib\__init.c
               __string_0   0x003a94    program     static E:\DO_AN_TKLL\DO_AN_CUOC_DOI\traffic_demo\simulate_machine\simulate_machine.c
               __string_1   0x003a91    program     static E:\DO_AN_TKLL\DO_AN_CUOC_DOI\traffic_demo\simulate_machine\simulate_machine.c
              __string_10   0x0039ff    program     static E:\DO_AN_TKLL\DO_AN_CUOC_DOI\traffic_demo\main.c
              __string_11   0x0039e8    program     static E:\DO_AN_TKLL\DO_AN_CUOC_DOI\traffic_demo\main.c
              __string_12   0x0039d2    program     static E:\DO_AN_TKLL\DO_AN_CUOC_DOI\traffic_demo\main.c
              __string_13   0x0039c1    program     static E:\DO_AN_TKLL\DO_AN_CUOC_DOI\traffic_demo\main.c
              __string_14   0x0039b1    program     static E:\DO_AN_TKLL\DO_AN_CUOC_DOI\traffic_demo\main.c
              __string_15   0x0039a0    program     static E:\DO_AN_TKLL\DO_AN_CUOC_DOI\traffic_demo\main.c
              __string_16   0x00398f    program     static E:\DO_AN_TKLL\DO_AN_CUOC_DOI\traffic_demo\main.c
              __string_17   0x00397e    program     static E:\DO_AN_TKLL\DO_AN_CUOC_DOI\traffic_demo\main.c
              __string_18   0x00396a    program     static E:\DO_AN_TKLL\DO_AN_CUOC_DOI\traffic_demo\main.c
              __string_19   0x003959    program     static E:\DO_AN_TKLL\DO_AN_CUOC_DOI\traffic_demo\main.c
               __string_2   0x003a80    program     static E:\DO_AN_TKLL\DO_AN_CUOC_DOI\traffic_demo\main.c
              __string_20   0x003948    program     static E:\DO_AN_TKLL\DO_AN_CUOC_DOI\traffic_demo\main.c
              __string_21   0x003934    program     static E:\DO_AN_TKLL\DO_AN_CUOC_DOI\traffic_demo\main.c
              __string_22   0x003923    program     static E:\DO_AN_TKLL\DO_AN_CUOC_DOI\traffic_demo\main.c
              __string_23   0x00390e    program     static E:\DO_AN_TKLL\DO_AN_CUOC_DOI\traffic_demo\main.c
              __string_24   0x0038fd    program     static E:\DO_AN_TKLL\DO_AN_CUOC_DOI\traffic_demo\main.c
              __string_25   0x0038ec    program     static E:\DO_AN_TKLL\DO_AN_CUOC_DOI\traffic_demo\main.c
              __string_26   0x0038db    program     static E:\DO_AN_TKLL\DO_AN_CUOC_DOI\traffic_demo\main.c
              __string_27   0x0038c7    program     static E:\DO_AN_TKLL\DO_AN_CUOC_DOI\traffic_demo\main.c
              __string_28   0x0038b8    program     static E:\DO_AN_TKLL\DO_AN_CUOC_DOI\traffic_demo\main.c
              __string_29   0x0038a7    program     static E:\DO_AN_TKLL\DO_AN_CUOC_DOI\traffic_demo\main.c
               __string_3   0x003a6f    program     static E:\DO_AN_TKLL\DO_AN_CUOC_DOI\traffic_demo\main.c
              __string_30   0x003896    program     static E:\DO_AN_TKLL\DO_AN_CUOC_DOI\traffic_demo\main.c
              __string_31   0x003885    program     static E:\DO_AN_TKLL\DO_AN_CUOC_DOI\traffic_demo\main.c
              __string_32   0x003874    program     static E:\DO_AN_TKLL\DO_AN_CUOC_DOI\traffic_demo\main.c
              __string_33   0x003863    program     static E:\DO_AN_TKLL\DO_AN_CUOC_DOI\traffic_demo\main.c
              __string_34   0x003852    program     static E:\DO_AN_TKLL\DO_AN_CUOC_DOI\traffic_demo\main.c
              __string_35   0x003841    program     static E:\DO_AN_TKLL\DO_AN_CUOC_DOI\traffic_demo\main.c
              __string_36   0x003830    program     static E:\DO_AN_TKLL\DO_AN_CUOC_DOI\traffic_demo\main.c
               __string_4   0x003a5e    program     static E:\DO_AN_TKLL\DO_AN_CUOC_DOI\traffic_demo\main.c
               __string_5   0x003a4d    program     static E:\DO_AN_TKLL\DO_AN_CUOC_DOI\traffic_demo\main.c
               __string_6   0x003a38    program     static E:\DO_AN_TKLL\DO_AN_CUOC_DOI\traffic_demo\main.c
               __string_7   0x003a23    program     static E:\DO_AN_TKLL\DO_AN_CUOC_DOI\traffic_demo\main.c
               __string_8   0x003a12    program     static E:\DO_AN_TKLL\DO_AN_CUOC_DOI\traffic_demo\main.c
               __string_9   0x003a01    program     static E:\DO_AN_TKLL\DO_AN_CUOC_DOI\traffic_demo\main.c
            __zero_memory   0x004154    program     extern E:\3.46\pic18-lt\cxx-framework\src\traditional\proc\p18f4620.asm
                _do_cinit   0x003e56    program     extern E:\3.46\pic18-lt\cxx-framework\src\traditional\startup\c018i.c
                   _entry   0x000000    program     extern E:\3.46\pic18-lt\cxx-framework\src\traditional\startup\c018i.c
                   _false   0x0040b0    program     static                          
                   _false   0x0040ea    program     static                          
                 _startup   0x004174    program     extern E:\3.46\pic18-lt\cxx-framework\src\traditional\startup\c018i.c
          button_delay_ms   0x0027fa    program     extern E:\DO_AN_TKLL\DO_AN_CUOC_DOI\traffic_demo\button_matrix\button.c
                compare_l   0x00416a    program     static E:\3.46\pic18-lt\cxx-framework\src\traditional\proc\p18f4620.asm
                copy_loop   0x003ec8    program     static                          
            copy_one_byte   0x003ece    program     static                          
                 delay_ms   0x0000c0    program     extern E:\DO_AN_TKLL\DO_AN_CUOC_DOI\traffic_demo\main.c
                     done   0x003ef2    program     static                          
             done_copying   0x003edc    program     static                          
           ds1307_control   0x00359c    program     extern E:\DO_AN_TKLL\DO_AN_CUOC_DOI\traffic_demo\i2c\i2c.c
           eeprom_control   0x0035ba    program     extern E:\DO_AN_TKLL\DO_AN_CUOC_DOI\traffic_demo\i2c\i2c.c
                  endloop   0x00414e    program     static                          
                  endloop   0x0041a6    program     static                          
            get_adc_value   0x003f06    program     extern E:\DO_AN_TKLL\DO_AN_CUOC_DOI\traffic_demo\adc\adc.c
                 high_isr   0x003bb2    program     extern E:\DO_AN_TKLL\DO_AN_CUOC_DOI\traffic_demo\interrupt\interrupt.c
                  i2c_ack   0x003614    program     extern E:\DO_AN_TKLL\DO_AN_CUOC_DOI\traffic_demo\i2c\i2c.c
                  i2c_nak   0x003620    program     extern E:\DO_AN_TKLL\DO_AN_CUOC_DOI\traffic_demo\i2c\i2c.c
                 i2c_read   0x003608    program     extern E:\DO_AN_TKLL\DO_AN_CUOC_DOI\traffic_demo\i2c\i2c.c
                i2c_start   0x0035d8    program     extern E:\DO_AN_TKLL\DO_AN_CUOC_DOI\traffic_demo\i2c\i2c.c
                 i2c_stop   0x0035e2    program     extern E:\DO_AN_TKLL\DO_AN_CUOC_DOI\traffic_demo\i2c\i2c.c
                i2c_write   0x0035ec    program     extern E:\DO_AN_TKLL\DO_AN_CUOC_DOI\traffic_demo\i2c\i2c.c
                 init_adc   0x003ef4    program     extern E:\DO_AN_TKLL\DO_AN_CUOC_DOI\traffic_demo\adc\adc.c
            init_ext_int0   0x003aae    program     extern E:\DO_AN_TKLL\DO_AN_CUOC_DOI\traffic_demo\interrupt\interrupt.c
                 init_i2c   0x003584    program     extern E:\DO_AN_TKLL\DO_AN_CUOC_DOI\traffic_demo\i2c\i2c.c
           init_interrupt   0x003aa6    program     extern E:\DO_AN_TKLL\DO_AN_CUOC_DOI\traffic_demo\interrupt\interrupt.c
          init_key_matrix   0x0022aa    program     extern E:\DO_AN_TKLL\DO_AN_CUOC_DOI\traffic_demo\button_matrix\button.c
init_key_matrix_new_board   0x002a48    program     extern E:\DO_AN_TKLL\DO_AN_CUOC_DOI\traffic_demo\button_matrix\button.c
init_key_matrix_with_uart_i2c   0x0022b2    program     extern E:\DO_AN_TKLL\DO_AN_CUOC_DOI\traffic_demo\button_matrix\button.c
              init_output   0x000148    program     extern E:\DO_AN_TKLL\DO_AN_CUOC_DOI\traffic_demo\main.c
                 init_pwm   0x0040f0    program     extern E:\DO_AN_TKLL\DO_AN_CUOC_DOI\traffic_demo\pwm\pwm.c
              init_system   0x00014e    program     extern E:\DO_AN_TKLL\DO_AN_CUOC_DOI\traffic_demo\main.c
              init_timer0   0x002fd4    program     extern E:\DO_AN_TKLL\DO_AN_CUOC_DOI\traffic_demo\timer\timer.c
              init_timer1   0x003118    program     extern E:\DO_AN_TKLL\DO_AN_CUOC_DOI\traffic_demo\timer\timer.c
              init_timer2   0x003262    program     extern E:\DO_AN_TKLL\DO_AN_CUOC_DOI\traffic_demo\timer\timer.c
              init_timer3   0x00329a    program     extern E:\DO_AN_TKLL\DO_AN_CUOC_DOI\traffic_demo\timer\timer.c
                init_uart   0x002a5c    program     extern E:\DO_AN_TKLL\DO_AN_CUOC_DOI\traffic_demo\uart\uart.c
                isButton1   0x000b74    program     extern E:\DO_AN_TKLL\DO_AN_CUOC_DOI\traffic_demo\main.c
                isButton2   0x000b84    program     extern E:\DO_AN_TKLL\DO_AN_CUOC_DOI\traffic_demo\main.c
                isButton3   0x000b94    program     extern E:\DO_AN_TKLL\DO_AN_CUOC_DOI\traffic_demo\main.c
                isButton4   0x000ba4    program     extern E:\DO_AN_TKLL\DO_AN_CUOC_DOI\traffic_demo\main.c
            isButtonEnter   0x000b54    program     extern E:\DO_AN_TKLL\DO_AN_CUOC_DOI\traffic_demo\main.c
           isButtonNumber   0x000af2    program     extern E:\DO_AN_TKLL\DO_AN_CUOC_DOI\traffic_demo\main.c
           isButtonSystem   0x000b64    program     extern E:\DO_AN_TKLL\DO_AN_CUOC_DOI\traffic_demo\main.c
            isChangedTime   0x001464    program     extern E:\DO_AN_TKLL\DO_AN_CUOC_DOI\traffic_demo\main.c
                   isEmer   0x001452    program     extern E:\DO_AN_TKLL\DO_AN_CUOC_DOI\traffic_demo\main.c
            isLogOutEnter   0x000b44    program     extern E:\DO_AN_TKLL\DO_AN_CUOC_DOI\traffic_demo\main.c
                   isSlow   0x001458    program     extern E:\DO_AN_TKLL\DO_AN_CUOC_DOI\traffic_demo\main.c
                isWeather   0x00145e    program     extern E:\DO_AN_TKLL\DO_AN_CUOC_DOI\traffic_demo\main.c
                lcd_clear   0x00195e    program     extern E:\DO_AN_TKLL\DO_AN_CUOC_DOI\traffic_demo\lcd\lcd.c
                lcd_delay   0x00146a    program     extern E:\DO_AN_TKLL\DO_AN_CUOC_DOI\traffic_demo\lcd\lcd.c
                 lcd_init   0x00160a    program     extern E:\DO_AN_TKLL\DO_AN_CUOC_DOI\traffic_demo\lcd\lcd.c
             lcd_power_of   0x001972    program     extern E:\DO_AN_TKLL\DO_AN_CUOC_DOI\traffic_demo\lcd\lcd.c
           lcd_print_char   0x0018ca    program     extern E:\DO_AN_TKLL\DO_AN_CUOC_DOI\traffic_demo\lcd\lcd.c
          lcd_print_charS   0x001d06    program     extern E:\DO_AN_TKLL\DO_AN_CUOC_DOI\traffic_demo\lcd\lcd.c
            lcd_print_num   0x001a54    program     extern E:\DO_AN_TKLL\DO_AN_CUOC_DOI\traffic_demo\lcd\lcd.c
            lcd_print_str   0x0018e4    program     extern E:\DO_AN_TKLL\DO_AN_CUOC_DOI\traffic_demo\lcd\lcd.c
              lcd_putchar   0x0018b0    program     extern E:\DO_AN_TKLL\DO_AN_CUOC_DOI\traffic_demo\lcd\lcd.c
          lcd_read_status   0x00171a    program     extern E:\DO_AN_TKLL\DO_AN_CUOC_DOI\traffic_demo\lcd\lcd.c
          lcd_sendCommand   0x00158a    program     extern E:\DO_AN_TKLL\DO_AN_CUOC_DOI\traffic_demo\lcd\lcd.c
           lcd_set_cursor   0x001924    program     extern E:\DO_AN_TKLL\DO_AN_CUOC_DOI\traffic_demo\lcd\lcd.c
            lcd_wait_busy   0x0017d0    program     extern E:\DO_AN_TKLL\DO_AN_CUOC_DOI\traffic_demo\lcd\lcd.c
          lcd_write_4bits   0x0017f0    program     extern E:\DO_AN_TKLL\DO_AN_CUOC_DOI\traffic_demo\lcd\lcd.c
            lcd_write_cmd   0x001836    program     extern E:\DO_AN_TKLL\DO_AN_CUOC_DOI\traffic_demo\lcd\lcd.c
           lcd_write_data   0x001872    program     extern E:\DO_AN_TKLL\DO_AN_CUOC_DOI\traffic_demo\lcd\lcd.c
                     loop   0x004132    program     static                          
                     loop   0x004184    program     static                          
                     loop   0x004198    program     static                          
                     loop   0x0040c2    program     static                          
                     loop   0x00407c    program     static                          
                   loop_h   0x004162    program     static E:\3.46\pic18-lt\cxx-framework\src\traditional\proc\p18f4620.asm
                   loop_l   0x00416c    program     static E:\3.46\pic18-lt\cxx-framework\src\traditional\proc\p18f4620.asm
                  low_isr   0x003ab6    program     extern E:\DO_AN_TKLL\DO_AN_CUOC_DOI\traffic_demo\interrupt\interrupt.c
                     main   0x00008c    program     extern E:\DO_AN_TKLL\DO_AN_CUOC_DOI\traffic_demo\main.c
              read_ds1307   0x003724    program     extern E:\DO_AN_TKLL\DO_AN_CUOC_DOI\traffic_demo\i2c\i2c.c
              read_eeprom   0x00379a    program     extern E:\DO_AN_TKLL\DO_AN_CUOC_DOI\traffic_demo\i2c\i2c.c
          scan_key_matrix   0x0022c2    program     extern E:\DO_AN_TKLL\DO_AN_CUOC_DOI\traffic_demo\button_matrix\button.c
   scan_key_matrix_1_line   0x00257e    program     extern E:\DO_AN_TKLL\DO_AN_CUOC_DOI\traffic_demo\button_matrix\button.c
     scan_key_matrix_demo   0x002882    program     extern E:\DO_AN_TKLL\DO_AN_CUOC_DOI\traffic_demo\button_matrix\button.c
scan_key_matrix_new_board   0x0029a8    program     extern E:\DO_AN_TKLL\DO_AN_CUOC_DOI\traffic_demo\button_matrix\button.c
scan_key_matrix_with_uart   0x002420    program     extern E:\DO_AN_TKLL\DO_AN_CUOC_DOI\traffic_demo\button_matrix\button.c
scan_key_matrix_with_uart_i2c   0x0026b2    program     extern E:\DO_AN_TKLL\DO_AN_CUOC_DOI\traffic_demo\button_matrix\button.c
                      seg   0x001000    program     extern E:\DO_AN_TKLL\DO_AN_CUOC_DOI\traffic_demo\main.c
            setTimeOnline   0x00141a    program     extern E:\DO_AN_TKLL\DO_AN_CUOC_DOI\traffic_demo\main.c
             set_DC_speed   0x004112    program     extern E:\DO_AN_TKLL\DO_AN_CUOC_DOI\traffic_demo\pwm\pwm.c
                 shiftout   0x0010a8    program     extern E:\DO_AN_TKLL\DO_AN_CUOC_DOI\traffic_demo\main.c
             start_timer0   0x00308c    program     extern E:\DO_AN_TKLL\DO_AN_CUOC_DOI\traffic_demo\timer\timer.c
             start_timer1   0x0031d2    program     extern E:\DO_AN_TKLL\DO_AN_CUOC_DOI\traffic_demo\timer\timer.c
             start_timer2   0x00328e    program     extern E:\DO_AN_TKLL\DO_AN_CUOC_DOI\traffic_demo\timer\timer.c
             start_timer3   0x003350    program     extern E:\DO_AN_TKLL\DO_AN_CUOC_DOI\traffic_demo\timer\timer.c
              stop_timer0   0x003088    program     extern E:\DO_AN_TKLL\DO_AN_CUOC_DOI\traffic_demo\timer\timer.c
              stop_timer1   0x00325e    program     extern E:\DO_AN_TKLL\DO_AN_CUOC_DOI\traffic_demo\timer\timer.c
              stop_timer2   0x003296    program     extern E:\DO_AN_TKLL\DO_AN_CUOC_DOI\traffic_demo\timer\timer.c
              stop_timer3   0x0033dc    program     extern E:\DO_AN_TKLL\DO_AN_CUOC_DOI\traffic_demo\timer\timer.c
                  str_cmp   0x003f84    program     extern E:\DO_AN_TKLL\DO_AN_CUOC_DOI\traffic_demo\set_time\set_time_onl.c
                     test   0x003e70    program     static                          
               timer0_isr   0x0033e0    program     extern E:\DO_AN_TKLL\DO_AN_CUOC_DOI\traffic_demo\timer\timer.c
               timer1_isr   0x0033fc    program     extern E:\DO_AN_TKLL\DO_AN_CUOC_DOI\traffic_demo\timer\timer.c
               timer2_isr   0x003418    program     extern E:\DO_AN_TKLL\DO_AN_CUOC_DOI\traffic_demo\timer\timer.c
               timer3_isr   0x003434    program     extern E:\DO_AN_TKLL\DO_AN_CUOC_DOI\traffic_demo\timer\timer.c
            uart_delay_ms   0x002a7a    program     extern E:\DO_AN_TKLL\DO_AN_CUOC_DOI\traffic_demo\uart\uart.c
                 uart_isr   0x002c8c    program     extern E:\DO_AN_TKLL\DO_AN_CUOC_DOI\traffic_demo\uart\uart.c
uart_isr_simulate_machine   0x003c9a    program     extern E:\DO_AN_TKLL\DO_AN_CUOC_DOI\traffic_demo\simulate_machine\simulate_machine.c
            uart_power_of   0x002baa    program     extern E:\DO_AN_TKLL\DO_AN_CUOC_DOI\traffic_demo\uart\uart.c
             uart_putchar   0x002b02    program     extern E:\DO_AN_TKLL\DO_AN_CUOC_DOI\traffic_demo\uart\uart.c
            uart_send_str   0x002b1e    program     extern E:\DO_AN_TKLL\DO_AN_CUOC_DOI\traffic_demo\uart\uart.c
                 v_timer0   0x0014fa    program     extern E:\DO_AN_TKLL\DO_AN_CUOC_DOI\traffic_demo\lcd\lcd.c
             write_ds1307   0x00362c    program     extern E:\DO_AN_TKLL\DO_AN_CUOC_DOI\traffic_demo\i2c\i2c.c
             write_eeprom   0x003696    program     extern E:\DO_AN_TKLL\DO_AN_CUOC_DOI\traffic_demo\i2c\i2c.c
               zero_block   0x004162    program     static E:\3.46\pic18-lt\cxx-framework\src\traditional\proc\p18f4620.asm
                   ADCON0   0x000fc2       data     extern E:\3.46\pic18-lt\cxx-framework\src\traditional\proc\p18f4620.asm
               ADCON0bits   0x000fc2       data     extern E:\3.46\pic18-lt\cxx-framework\src\traditional\proc\p18f4620.asm
                   ADCON1   0x000fc1       data     extern E:\3.46\pic18-lt\cxx-framework\src\traditional\proc\p18f4620.asm
               ADCON1bits   0x000fc1       data     extern E:\3.46\pic18-lt\cxx-framework\src\traditional\proc\p18f4620.asm
                   ADCON2   0x000fc0       data     extern E:\3.46\pic18-lt\cxx-framework\src\traditional\proc\p18f4620.asm
               ADCON2bits   0x000fc0       data     extern E:\3.46\pic18-lt\cxx-framework\src\traditional\proc\p18f4620.asm
                    ADRES   0x000fc3       data     extern E:\3.46\pic18-lt\cxx-framework\src\traditional\proc\p18f4620.asm
                   ADRESH   0x000fc4       data     extern E:\3.46\pic18-lt\cxx-framework\src\traditional\proc\p18f4620.asm
                   ADRESL   0x000fc3       data     extern E:\3.46\pic18-lt\cxx-framework\src\traditional\proc\p18f4620.asm
                  BAUDCON   0x000fb8       data     extern E:\3.46\pic18-lt\cxx-framework\src\traditional\proc\p18f4620.asm
              BAUDCONbits   0x000fb8       data     extern E:\3.46\pic18-lt\cxx-framework\src\traditional\proc\p18f4620.asm
                  BAUDCTL   0x000fb8       data     extern E:\3.46\pic18-lt\cxx-framework\src\traditional\proc\p18f4620.asm
              BAUDCTLbits   0x000fb8       data     extern E:\3.46\pic18-lt\cxx-framework\src\traditional\proc\p18f4620.asm
                      BSR   0x000fe0       data     extern E:\3.46\pic18-lt\cxx-framework\src\traditional\proc\p18f4620.asm
                  CCP1CON   0x000fbd       data     extern E:\3.46\pic18-lt\cxx-framework\src\traditional\proc\p18f4620.asm
              CCP1CONbits   0x000fbd       data     extern E:\3.46\pic18-lt\cxx-framework\src\traditional\proc\p18f4620.asm
                  CCP2CON   0x000fba       data     extern E:\3.46\pic18-lt\cxx-framework\src\traditional\proc\p18f4620.asm
              CCP2CONbits   0x000fba       data     extern E:\3.46\pic18-lt\cxx-framework\src\traditional\proc\p18f4620.asm
                    CCPR1   0x000fbe       data     extern E:\3.46\pic18-lt\cxx-framework\src\traditional\proc\p18f4620.asm
                   CCPR1H   0x000fbf       data     extern E:\3.46\pic18-lt\cxx-framework\src\traditional\proc\p18f4620.asm
                   CCPR1L   0x000fbe       data     extern E:\3.46\pic18-lt\cxx-framework\src\traditional\proc\p18f4620.asm
                    CCPR2   0x000fbb       data     extern E:\3.46\pic18-lt\cxx-framework\src\traditional\proc\p18f4620.asm
                   CCPR2H   0x000fbc       data     extern E:\3.46\pic18-lt\cxx-framework\src\traditional\proc\p18f4620.asm
                   CCPR2L   0x000fbb       data     extern E:\3.46\pic18-lt\cxx-framework\src\traditional\proc\p18f4620.asm
                    CMCON   0x000fb4       data     extern E:\3.46\pic18-lt\cxx-framework\src\traditional\proc\p18f4620.asm
                CMCONbits   0x000fb4       data     extern E:\3.46\pic18-lt\cxx-framework\src\traditional\proc\p18f4620.asm
                COD_value   0x0001f0       data     extern E:\DO_AN_TKLL\DO_AN_CUOC_DOI\traffic_demo\simulate_machine\simulate_machine.c
                   CVRCON   0x000fb5       data     extern E:\3.46\pic18-lt\cxx-framework\src\traditional\proc\p18f4620.asm
               CVRCONbits   0x000fb5       data     extern E:\3.46\pic18-lt\cxx-framework\src\traditional\proc\p18f4620.asm
                     DDRA   0x000f92       data     extern E:\3.46\pic18-lt\cxx-framework\src\traditional\proc\p18f4620.asm
                 DDRAbits   0x000f92       data     extern E:\3.46\pic18-lt\cxx-framework\src\traditional\proc\p18f4620.asm
                     DDRB   0x000f93       data     extern E:\3.46\pic18-lt\cxx-framework\src\traditional\proc\p18f4620.asm
                 DDRBbits   0x000f93       data     extern E:\3.46\pic18-lt\cxx-framework\src\traditional\proc\p18f4620.asm
                     DDRC   0x000f94       data     extern E:\3.46\pic18-lt\cxx-framework\src\traditional\proc\p18f4620.asm
                 DDRCbits   0x000f94       data     extern E:\3.46\pic18-lt\cxx-framework\src\traditional\proc\p18f4620.asm
                     DDRD   0x000f95       data     extern E:\3.46\pic18-lt\cxx-framework\src\traditional\proc\p18f4620.asm
                 DDRDbits   0x000f95       data     extern E:\3.46\pic18-lt\cxx-framework\src\traditional\proc\p18f4620.asm
                     DDRE   0x000f96       data     extern E:\3.46\pic18-lt\cxx-framework\src\traditional\proc\p18f4620.asm
                 DDREbits   0x000f96       data     extern E:\3.46\pic18-lt\cxx-framework\src\traditional\proc\p18f4620.asm
                  ECCP1AS   0x000fb6       data     extern E:\3.46\pic18-lt\cxx-framework\src\traditional\proc\p18f4620.asm
              ECCP1ASbits   0x000fb6       data     extern E:\3.46\pic18-lt\cxx-framework\src\traditional\proc\p18f4620.asm
                    EEADR   0x000fa9       data     extern E:\3.46\pic18-lt\cxx-framework\src\traditional\proc\p18f4620.asm
                   EEADRH   0x000faa       data     extern E:\3.46\pic18-lt\cxx-framework\src\traditional\proc\p18f4620.asm
                   EECON1   0x000fa6       data     extern E:\3.46\pic18-lt\cxx-framework\src\traditional\proc\p18f4620.asm
               EECON1bits   0x000fa6       data     extern E:\3.46\pic18-lt\cxx-framework\src\traditional\proc\p18f4620.asm
                   EECON2   0x000fa7       data     extern E:\3.46\pic18-lt\cxx-framework\src\traditional\proc\p18f4620.asm
                   EEDATA   0x000fa8       data     extern E:\3.46\pic18-lt\cxx-framework\src\traditional\proc\p18f4620.asm
               FLOW_value   0x0001ef       data     extern E:\DO_AN_TKLL\DO_AN_CUOC_DOI\traffic_demo\simulate_machine\simulate_machine.c
                     FSR0   0x000fe9       data     extern E:\3.46\pic18-lt\cxx-framework\src\traditional\proc\p18f4620.asm
                    FSR0H   0x000fea       data     extern E:\3.46\pic18-lt\cxx-framework\src\traditional\proc\p18f4620.asm
                    FSR0L   0x000fe9       data     extern E:\3.46\pic18-lt\cxx-framework\src\traditional\proc\p18f4620.asm
                     FSR1   0x000fe1       data     extern E:\3.46\pic18-lt\cxx-framework\src\traditional\proc\p18f4620.asm
                    FSR1H   0x000fe2       data     extern E:\3.46\pic18-lt\cxx-framework\src\traditional\proc\p18f4620.asm
                    FSR1L   0x000fe1       data     extern E:\3.46\pic18-lt\cxx-framework\src\traditional\proc\p18f4620.asm
                     FSR2   0x000fd9       data     extern E:\3.46\pic18-lt\cxx-framework\src\traditional\proc\p18f4620.asm
                    FSR2H   0x000fda       data     extern E:\3.46\pic18-lt\cxx-framework\src\traditional\proc\p18f4620.asm
                    FSR2L   0x000fd9       data     extern E:\3.46\pic18-lt\cxx-framework\src\traditional\proc\p18f4620.asm
                  HLVDCON   0x000fd2       data     extern E:\3.46\pic18-lt\cxx-framework\src\traditional\proc\p18f4620.asm
              HLVDCONbits   0x000fd2       data     extern E:\3.46\pic18-lt\cxx-framework\src\traditional\proc\p18f4620.asm
                    INDF0   0x000fef       data     extern E:\3.46\pic18-lt\cxx-framework\src\traditional\proc\p18f4620.asm
                    INDF1   0x000fe7       data     extern E:\3.46\pic18-lt\cxx-framework\src\traditional\proc\p18f4620.asm
                    INDF2   0x000fdf       data     extern E:\3.46\pic18-lt\cxx-framework\src\traditional\proc\p18f4620.asm
                   INTCON   0x000ff2       data     extern E:\3.46\pic18-lt\cxx-framework\src\traditional\proc\p18f4620.asm
                  INTCON2   0x000ff1       data     extern E:\3.46\pic18-lt\cxx-framework\src\traditional\proc\p18f4620.asm
              INTCON2bits   0x000ff1       data     extern E:\3.46\pic18-lt\cxx-framework\src\traditional\proc\p18f4620.asm
                  INTCON3   0x000ff0       data     extern E:\3.46\pic18-lt\cxx-framework\src\traditional\proc\p18f4620.asm
              INTCON3bits   0x000ff0       data     extern E:\3.46\pic18-lt\cxx-framework\src\traditional\proc\p18f4620.asm
               INTCONbits   0x000ff2       data     extern E:\3.46\pic18-lt\cxx-framework\src\traditional\proc\p18f4620.asm
                     IPR1   0x000f9f       data     extern E:\3.46\pic18-lt\cxx-framework\src\traditional\proc\p18f4620.asm
                 IPR1bits   0x000f9f       data     extern E:\3.46\pic18-lt\cxx-framework\src\traditional\proc\p18f4620.asm
                     IPR2   0x000fa2       data     extern E:\3.46\pic18-lt\cxx-framework\src\traditional\proc\p18f4620.asm
                 IPR2bits   0x000fa2       data     extern E:\3.46\pic18-lt\cxx-framework\src\traditional\proc\p18f4620.asm
                     LATA   0x000f89       data     extern E:\3.46\pic18-lt\cxx-framework\src\traditional\proc\p18f4620.asm
                 LATAbits   0x000f89       data     extern E:\3.46\pic18-lt\cxx-framework\src\traditional\proc\p18f4620.asm
                     LATB   0x000f8a       data     extern E:\3.46\pic18-lt\cxx-framework\src\traditional\proc\p18f4620.asm
                 LATBbits   0x000f8a       data     extern E:\3.46\pic18-lt\cxx-framework\src\traditional\proc\p18f4620.asm
                     LATC   0x000f8b       data     extern E:\3.46\pic18-lt\cxx-framework\src\traditional\proc\p18f4620.asm
                 LATCbits   0x000f8b       data     extern E:\3.46\pic18-lt\cxx-framework\src\traditional\proc\p18f4620.asm
                     LATD   0x000f8c       data     extern E:\3.46\pic18-lt\cxx-framework\src\traditional\proc\p18f4620.asm
                 LATDbits   0x000f8c       data     extern E:\3.46\pic18-lt\cxx-framework\src\traditional\proc\p18f4620.asm
                     LATE   0x000f8d       data     extern E:\3.46\pic18-lt\cxx-framework\src\traditional\proc\p18f4620.asm
                 LATEbits   0x000f8d       data     extern E:\3.46\pic18-lt\cxx-framework\src\traditional\proc\p18f4620.asm
                   LVDCON   0x000fd2       data     extern E:\3.46\pic18-lt\cxx-framework\src\traditional\proc\p18f4620.asm
               LVDCONbits   0x000fd2       data     extern E:\3.46\pic18-lt\cxx-framework\src\traditional\proc\p18f4620.asm
                LcdScreen   0x000141       data     extern E:\DO_AN_TKLL\DO_AN_CUOC_DOI\traffic_demo\lcd\lcd.c
                NH4_value   0x0001f3       data     extern E:\DO_AN_TKLL\DO_AN_CUOC_DOI\traffic_demo\simulate_machine\simulate_machine.c
                NO3_value   0x0001f2       data     extern E:\DO_AN_TKLL\DO_AN_CUOC_DOI\traffic_demo\simulate_machine\simulate_machine.c
                   OSCCON   0x000fd3       data     extern E:\3.46\pic18-lt\cxx-framework\src\traditional\proc\p18f4620.asm
               OSCCONbits   0x000fd3       data     extern E:\3.46\pic18-lt\cxx-framework\src\traditional\proc\p18f4620.asm
                  OSCTUNE   0x000f9b       data     extern E:\3.46\pic18-lt\cxx-framework\src\traditional\proc\p18f4620.asm
              OSCTUNEbits   0x000f9b       data     extern E:\3.46\pic18-lt\cxx-framework\src\traditional\proc\p18f4620.asm
                       PC   0x000ff9       data     extern E:\3.46\pic18-lt\cxx-framework\src\traditional\proc\p18f4620.asm
                      PCL   0x000ff9       data     extern E:\3.46\pic18-lt\cxx-framework\src\traditional\proc\p18f4620.asm
                   PCLATH   0x000ffa       data     extern E:\3.46\pic18-lt\cxx-framework\src\traditional\proc\p18f4620.asm
                   PCLATU   0x000ffb       data     extern E:\3.46\pic18-lt\cxx-framework\src\traditional\proc\p18f4620.asm
                     PIE1   0x000f9d       data     extern E:\3.46\pic18-lt\cxx-framework\src\traditional\proc\p18f4620.asm
                 PIE1bits   0x000f9d       data     extern E:\3.46\pic18-lt\cxx-framework\src\traditional\proc\p18f4620.asm
                     PIE2   0x000fa0       data     extern E:\3.46\pic18-lt\cxx-framework\src\traditional\proc\p18f4620.asm
                 PIE2bits   0x000fa0       data     extern E:\3.46\pic18-lt\cxx-framework\src\traditional\proc\p18f4620.asm
                     PIR1   0x000f9e       data     extern E:\3.46\pic18-lt\cxx-framework\src\traditional\proc\p18f4620.asm
                 PIR1bits   0x000f9e       data     extern E:\3.46\pic18-lt\cxx-framework\src\traditional\proc\p18f4620.asm
                     PIR2   0x000fa1       data     extern E:\3.46\pic18-lt\cxx-framework\src\traditional\proc\p18f4620.asm
                 PIR2bits   0x000fa1       data     extern E:\3.46\pic18-lt\cxx-framework\src\traditional\proc\p18f4620.asm
                   PLUSW0   0x000feb       data     extern E:\3.46\pic18-lt\cxx-framework\src\traditional\proc\p18f4620.asm
                   PLUSW1   0x000fe3       data     extern E:\3.46\pic18-lt\cxx-framework\src\traditional\proc\p18f4620.asm
                   PLUSW2   0x000fdb       data     extern E:\3.46\pic18-lt\cxx-framework\src\traditional\proc\p18f4620.asm
                    PORTA   0x000f80       data     extern E:\3.46\pic18-lt\cxx-framework\src\traditional\proc\p18f4620.asm
                PORTAbits   0x000f80       data     extern E:\3.46\pic18-lt\cxx-framework\src\traditional\proc\p18f4620.asm
                    PORTB   0x000f81       data     extern E:\3.46\pic18-lt\cxx-framework\src\traditional\proc\p18f4620.asm
                PORTBbits   0x000f81       data     extern E:\3.46\pic18-lt\cxx-framework\src\traditional\proc\p18f4620.asm
                    PORTC   0x000f82       data     extern E:\3.46\pic18-lt\cxx-framework\src\traditional\proc\p18f4620.asm
                PORTCbits   0x000f82       data     extern E:\3.46\pic18-lt\cxx-framework\src\traditional\proc\p18f4620.asm
                    PORTD   0x000f83       data     extern E:\3.46\pic18-lt\cxx-framework\src\traditional\proc\p18f4620.asm
                PORTDbits   0x000f83       data     extern E:\3.46\pic18-lt\cxx-framework\src\traditional\proc\p18f4620.asm
                    PORTE   0x000f84       data     extern E:\3.46\pic18-lt\cxx-framework\src\traditional\proc\p18f4620.asm
                PORTEbits   0x000f84       data     extern E:\3.46\pic18-lt\cxx-framework\src\traditional\proc\p18f4620.asm
                 POSTDEC0   0x000fed       data     extern E:\3.46\pic18-lt\cxx-framework\src\traditional\proc\p18f4620.asm
                 POSTDEC1   0x000fe5       data     extern E:\3.46\pic18-lt\cxx-framework\src\traditional\proc\p18f4620.asm
                 POSTDEC2   0x000fdd       data     extern E:\3.46\pic18-lt\cxx-framework\src\traditional\proc\p18f4620.asm
                 POSTINC0   0x000fee       data     extern E:\3.46\pic18-lt\cxx-framework\src\traditional\proc\p18f4620.asm
                 POSTINC1   0x000fe6       data     extern E:\3.46\pic18-lt\cxx-framework\src\traditional\proc\p18f4620.asm
                 POSTINC2   0x000fde       data     extern E:\3.46\pic18-lt\cxx-framework\src\traditional\proc\p18f4620.asm
                      PR2   0x000fcb       data     extern E:\3.46\pic18-lt\cxx-framework\src\traditional\proc\p18f4620.asm
                  PREINC0   0x000fec       data     extern E:\3.46\pic18-lt\cxx-framework\src\traditional\proc\p18f4620.asm
                  PREINC1   0x000fe4       data     extern E:\3.46\pic18-lt\cxx-framework\src\traditional\proc\p18f4620.asm
                  PREINC2   0x000fdc       data     extern E:\3.46\pic18-lt\cxx-framework\src\traditional\proc\p18f4620.asm
                     PROD   0x000ff3       data     extern E:\3.46\pic18-lt\cxx-framework\src\traditional\proc\p18f4620.asm
                    PRODH   0x000ff4       data     extern E:\3.46\pic18-lt\cxx-framework\src\traditional\proc\p18f4620.asm
                    PRODL   0x000ff3       data     extern E:\3.46\pic18-lt\cxx-framework\src\traditional\proc\p18f4620.asm
                  PWM1CON   0x000fb7       data     extern E:\3.46\pic18-lt\cxx-framework\src\traditional\proc\p18f4620.asm
              PWM1CONbits   0x000fb7       data     extern E:\3.46\pic18-lt\cxx-framework\src\traditional\proc\p18f4620.asm
                     RCON   0x000fd0       data     extern E:\3.46\pic18-lt\cxx-framework\src\traditional\proc\p18f4620.asm
                 RCONbits   0x000fd0       data     extern E:\3.46\pic18-lt\cxx-framework\src\traditional\proc\p18f4620.asm
                    RCREG   0x000fae       data     extern E:\3.46\pic18-lt\cxx-framework\src\traditional\proc\p18f4620.asm
                    RCSTA   0x000fab       data     extern E:\3.46\pic18-lt\cxx-framework\src\traditional\proc\p18f4620.asm
                RCSTAbits   0x000fab       data     extern E:\3.46\pic18-lt\cxx-framework\src\traditional\proc\p18f4620.asm
                     SIGN   0x000000       data     extern E:\3.46\pic18-lt\cxx-framework\src\traditional\math\cmath18.asm
                    SPBRG   0x000faf       data     extern E:\3.46\pic18-lt\cxx-framework\src\traditional\proc\p18f4620.asm
                   SPBRGH   0x000fb0       data     extern E:\3.46\pic18-lt\cxx-framework\src\traditional\proc\p18f4620.asm
                   SSPADD   0x000fc8       data     extern E:\3.46\pic18-lt\cxx-framework\src\traditional\proc\p18f4620.asm
                   SSPBUF   0x000fc9       data     extern E:\3.46\pic18-lt\cxx-framework\src\traditional\proc\p18f4620.asm
                  SSPCON1   0x000fc6       data     extern E:\3.46\pic18-lt\cxx-framework\src\traditional\proc\p18f4620.asm
              SSPCON1bits   0x000fc6       data     extern E:\3.46\pic18-lt\cxx-framework\src\traditional\proc\p18f4620.asm
                  SSPCON2   0x000fc5       data     extern E:\3.46\pic18-lt\cxx-framework\src\traditional\proc\p18f4620.asm
              SSPCON2bits   0x000fc5       data     extern E:\3.46\pic18-lt\cxx-framework\src\traditional\proc\p18f4620.asm
                  SSPSTAT   0x000fc7       data     extern E:\3.46\pic18-lt\cxx-framework\src\traditional\proc\p18f4620.asm
              SSPSTATbits   0x000fc7       data     extern E:\3.46\pic18-lt\cxx-framework\src\traditional\proc\p18f4620.asm
                   STATUS   0x000fd8       data     extern E:\3.46\pic18-lt\cxx-framework\src\traditional\proc\p18f4620.asm
               STATUSbits   0x000fd8       data     extern E:\3.46\pic18-lt\cxx-framework\src\traditional\proc\p18f4620.asm
                   STKPTR   0x000ffc       data     extern E:\3.46\pic18-lt\cxx-framework\src\traditional\proc\p18f4620.asm
               STKPTRbits   0x000ffc       data     extern E:\3.46\pic18-lt\cxx-framework\src\traditional\proc\p18f4620.asm
                    T0CON   0x000fd5       data     extern E:\3.46\pic18-lt\cxx-framework\src\traditional\proc\p18f4620.asm
                T0CONbits   0x000fd5       data     extern E:\3.46\pic18-lt\cxx-framework\src\traditional\proc\p18f4620.asm
                    T1CON   0x000fcd       data     extern E:\3.46\pic18-lt\cxx-framework\src\traditional\proc\p18f4620.asm
                T1CONbits   0x000fcd       data     extern E:\3.46\pic18-lt\cxx-framework\src\traditional\proc\p18f4620.asm
                    T2CON   0x000fca       data     extern E:\3.46\pic18-lt\cxx-framework\src\traditional\proc\p18f4620.asm
                T2CONbits   0x000fca       data     extern E:\3.46\pic18-lt\cxx-framework\src\traditional\proc\p18f4620.asm
                    T3CON   0x000fb1       data     extern E:\3.46\pic18-lt\cxx-framework\src\traditional\proc\p18f4620.asm
                T3CONbits   0x000fb1       data     extern E:\3.46\pic18-lt\cxx-framework\src\traditional\proc\p18f4620.asm
                   TABLAT   0x000ff5       data     extern E:\3.46\pic18-lt\cxx-framework\src\traditional\proc\p18f4620.asm
                   TBLPTR   0x000ff6       data     extern E:\3.46\pic18-lt\cxx-framework\src\traditional\proc\p18f4620.asm
                  TBLPTRH   0x000ff7       data     extern E:\3.46\pic18-lt\cxx-framework\src\traditional\proc\p18f4620.asm
                  TBLPTRL   0x000ff6       data     extern E:\3.46\pic18-lt\cxx-framework\src\traditional\proc\p18f4620.asm
                  TBLPTRU   0x000ff8       data     extern E:\3.46\pic18-lt\cxx-framework\src\traditional\proc\p18f4620.asm
               TEMP_value   0x0001ed       data     extern E:\DO_AN_TKLL\DO_AN_CUOC_DOI\traffic_demo\simulate_machine\simulate_machine.c
                    TMR0H   0x000fd7       data     extern E:\3.46\pic18-lt\cxx-framework\src\traditional\proc\p18f4620.asm
                    TMR0L   0x000fd6       data     extern E:\3.46\pic18-lt\cxx-framework\src\traditional\proc\p18f4620.asm
                    TMR1H   0x000fcf       data     extern E:\3.46\pic18-lt\cxx-framework\src\traditional\proc\p18f4620.asm
                    TMR1L   0x000fce       data     extern E:\3.46\pic18-lt\cxx-framework\src\traditional\proc\p18f4620.asm
                     TMR2   0x000fcc       data     extern E:\3.46\pic18-lt\cxx-framework\src\traditional\proc\p18f4620.asm
                    TMR3H   0x000fb3       data     extern E:\3.46\pic18-lt\cxx-framework\src\traditional\proc\p18f4620.asm
                    TMR3L   0x000fb2       data     extern E:\3.46\pic18-lt\cxx-framework\src\traditional\proc\p18f4620.asm
                      TOS   0x000ffd       data     extern E:\3.46\pic18-lt\cxx-framework\src\traditional\proc\p18f4620.asm
                     TOSH   0x000ffe       data     extern E:\3.46\pic18-lt\cxx-framework\src\traditional\proc\p18f4620.asm
                     TOSL   0x000ffd       data     extern E:\3.46\pic18-lt\cxx-framework\src\traditional\proc\p18f4620.asm
                     TOSU   0x000fff       data     extern E:\3.46\pic18-lt\cxx-framework\src\traditional\proc\p18f4620.asm
                    TRISA   0x000f92       data     extern E:\3.46\pic18-lt\cxx-framework\src\traditional\proc\p18f4620.asm
                TRISAbits   0x000f92       data     extern E:\3.46\pic18-lt\cxx-framework\src\traditional\proc\p18f4620.asm
                    TRISB   0x000f93       data     extern E:\3.46\pic18-lt\cxx-framework\src\traditional\proc\p18f4620.asm
                TRISBbits   0x000f93       data     extern E:\3.46\pic18-lt\cxx-framework\src\traditional\proc\p18f4620.asm
                    TRISC   0x000f94       data     extern E:\3.46\pic18-lt\cxx-framework\src\traditional\proc\p18f4620.asm
                TRISCbits   0x000f94       data     extern E:\3.46\pic18-lt\cxx-framework\src\traditional\proc\p18f4620.asm
                    TRISD   0x000f95       data     extern E:\3.46\pic18-lt\cxx-framework\src\traditional\proc\p18f4620.asm
                TRISDbits   0x000f95       data     extern E:\3.46\pic18-lt\cxx-framework\src\traditional\proc\p18f4620.asm
                    TRISE   0x000f96       data     extern E:\3.46\pic18-lt\cxx-framework\src\traditional\proc\p18f4620.asm
                TRISEbits   0x000f96       data     extern E:\3.46\pic18-lt\cxx-framework\src\traditional\proc\p18f4620.asm
                TSS_value   0x0001f1       data     extern E:\DO_AN_TKLL\DO_AN_CUOC_DOI\traffic_demo\simulate_machine\simulate_machine.c
                    TXREG   0x000fad       data     extern E:\3.46\pic18-lt\cxx-framework\src\traditional\proc\p18f4620.asm
                    TXSTA   0x000fac       data     extern E:\3.46\pic18-lt\cxx-framework\src\traditional\proc\p18f4620.asm
                TXSTAbits   0x000fac       data     extern E:\3.46\pic18-lt\cxx-framework\src\traditional\proc\p18f4620.asm
                 UserFont   0x000100       data     extern E:\DO_AN_TKLL\DO_AN_CUOC_DOI\traffic_demo\lcd\lcd.c
                        W   0x000fe8       data     extern E:\3.46\pic18-lt\cxx-framework\src\traditional\proc\p18f4620.asm
                   WDTCON   0x000fd1       data     extern E:\3.46\pic18-lt\cxx-framework\src\traditional\proc\p18f4620.asm
               WDTCONbits   0x000fd1       data     extern E:\3.46\pic18-lt\cxx-framework\src\traditional\proc\p18f4620.asm
                     WREG   0x000fe8       data     extern E:\3.46\pic18-lt\cxx-framework\src\traditional\proc\p18f4620.asm
             WaitResponse   0x0001e4       data     extern E:\DO_AN_TKLL\DO_AN_CUOC_DOI\traffic_demo\simulate_machine\simulate_machine.c
                 __AARGB0   0x000009       data     extern E:\3.46\pic18-lt\cxx-framework\src\traditional\math\aarg.asm
                 __AARGB1   0x000008       data     extern E:\3.46\pic18-lt\cxx-framework\src\traditional\math\aarg.asm
                 __AARGB2   0x000007       data     extern E:\3.46\pic18-lt\cxx-framework\src\traditional\math\aarg.asm
                 __AARGB3   0x000006       data     extern E:\3.46\pic18-lt\cxx-framework\src\traditional\math\aarg.asm
                 __AARGB4   0x000005       data     extern E:\3.46\pic18-lt\cxx-framework\src\traditional\math\aarg.asm
                 __AARGB5   0x000004       data     extern E:\3.46\pic18-lt\cxx-framework\src\traditional\math\aarg.asm
                 __AARGB6   0x000003       data     extern E:\3.46\pic18-lt\cxx-framework\src\traditional\math\aarg.asm
                 __AARGB7   0x000002       data     extern E:\3.46\pic18-lt\cxx-framework\src\traditional\math\aarg.asm
                   __AEXP   0x00000a       data     extern E:\3.46\pic18-lt\cxx-framework\src\traditional\math\aarg.asm
                 __BARGB0   0x00000e       data     extern E:\3.46\pic18-lt\cxx-framework\src\traditional\math\barg.asm
                 __BARGB1   0x00000d       data     extern E:\3.46\pic18-lt\cxx-framework\src\traditional\math\barg.asm
                 __BARGB2   0x00000c       data     extern E:\3.46\pic18-lt\cxx-framework\src\traditional\math\barg.asm
                 __BARGB3   0x00000b       data     extern E:\3.46\pic18-lt\cxx-framework\src\traditional\math\barg.asm
                   __BEXP   0x00000f       data     extern E:\3.46\pic18-lt\cxx-framework\src\traditional\math\barg.asm
                __FPFLAGS   0x000001       data     extern E:\3.46\pic18-lt\cxx-framework\src\traditional\math\cmath18.asm
            __FPFLAGSbits   0x000001       data     extern E:\3.46\pic18-lt\cxx-framework\src\traditional\math\cmath18.asm
                  __REMB0   0x000005       data     extern E:\3.46\pic18-lt\cxx-framework\src\traditional\math\aarg.asm
                  __REMB1   0x000004       data     extern E:\3.46\pic18-lt\cxx-framework\src\traditional\math\aarg.asm
                  __REMB2   0x000003       data     extern E:\3.46\pic18-lt\cxx-framework\src\traditional\math\aarg.asm
                  __REMB3   0x000002       data     extern E:\3.46\pic18-lt\cxx-framework\src\traditional\math\aarg.asm
                  __tmp_0   0x000010       data     static E:\DO_AN_TKLL\DO_AN_CUOC_DOI\traffic_demo\button_matrix\button.c
                  __tmp_0   0x000010       data     static E:\DO_AN_TKLL\DO_AN_CUOC_DOI\traffic_demo\main.c
                  __tmp_0   0x000010       data     static E:\DO_AN_TKLL\DO_AN_CUOC_DOI\traffic_demo\timer\timer.c
                  __tmp_0   0x000010       data     static E:\DO_AN_TKLL\DO_AN_CUOC_DOI\traffic_demo\lcd\lcd.c
                  __tmp_0   0x000010       data     static E:\DO_AN_TKLL\DO_AN_CUOC_DOI\traffic_demo\i2c\i2c.c
                  __tmp_0   0x000010       data     static E:\DO_AN_TKLL\DO_AN_CUOC_DOI\traffic_demo\adc\adc.c
                  __tmp_0   0x000010       data     static E:\DO_AN_TKLL\DO_AN_CUOC_DOI\traffic_demo\set_time\set_time_onl.c
                  __tmp_0   0x000010       data     static E:\DO_AN_TKLL\DO_AN_CUOC_DOI\traffic_demo\uart\uart.c
                  __tmp_0   0x000010       data     static E:\DO_AN_TKLL\DO_AN_CUOC_DOI\traffic_demo\simulate_machine\simulate_machine.c
                  ack_bit   0x0000fc       data     extern E:\DO_AN_TKLL\DO_AN_CUOC_DOI\traffic_demo\i2c\i2c.c
                 ack_flag   0x000f7d       data     extern E:\DO_AN_TKLL\DO_AN_CUOC_DOI\traffic_demo\i2c\i2c.c
                adc_value   0x0001c9       data     extern E:\DO_AN_TKLL\DO_AN_CUOC_DOI\traffic_demo\adc\adc.c
         arrayMapOfNumber   0x000090       data     extern E:\DO_AN_TKLL\DO_AN_CUOC_DOI\traffic_demo\main.c
         arrayMapOfOutput   0x000080       data     extern E:\DO_AN_TKLL\DO_AN_CUOC_DOI\traffic_demo\main.c
       arrayMapOfPassword   0x0000a0       data     extern E:\DO_AN_TKLL\DO_AN_CUOC_DOI\traffic_demo\main.c
      arrayMaskInputOfKey   0x000185       data     extern E:\DO_AN_TKLL\DO_AN_CUOC_DOI\traffic_demo\button_matrix\button.c
     arrayMaskOutputOfKey   0x000181       data     extern E:\DO_AN_TKLL\DO_AN_CUOC_DOI\traffic_demo\button_matrix\button.c
            arrayPassword   0x0000ee       data     extern E:\DO_AN_TKLL\DO_AN_CUOC_DOI\traffic_demo\main.c
                 byte_num   0x000f66       data     extern E:\DO_AN_TKLL\DO_AN_CUOC_DOI\traffic_demo\i2c\i2c.c
                   cmdRec   0x0000c0       data     extern E:\DO_AN_TKLL\DO_AN_CUOC_DOI\traffic_demo\main.c
            cmdRec_length   0x0000de       data     extern E:\DO_AN_TKLL\DO_AN_CUOC_DOI\traffic_demo\main.c
             cmd_SET_TIME   0x0000e0       data     extern E:\DO_AN_TKLL\DO_AN_CUOC_DOI\traffic_demo\main.c
                     cnt0   0x0000f7       data     extern E:\DO_AN_TKLL\DO_AN_CUOC_DOI\traffic_demo\interrupt\interrupt.c
                     cnt1   0x0000f9       data     extern E:\DO_AN_TKLL\DO_AN_CUOC_DOI\traffic_demo\interrupt\interrupt.c
               cntDataBuf   0x0001a8       data     extern E:\DO_AN_TKLL\DO_AN_CUOC_DOI\traffic_demo\uart\uart.c
               cntOfLight   0x0000bf       data     extern E:\DO_AN_TKLL\DO_AN_CUOC_DOI\traffic_demo\main.c
                curr_byte   0x0001f9       data     static E:\3.46\pic18-lt\cxx-framework\src\traditional\startup\c018i.c
               curr_entry   0x0001fb       data     static E:\3.46\pic18-lt\cxx-framework\src\traditional\startup\c018i.c
              current_col   0x0000f5       data     extern E:\DO_AN_TKLL\DO_AN_CUOC_DOI\traffic_demo\lcd\lcd.c
              current_row   0x0000f3       data     extern E:\DO_AN_TKLL\DO_AN_CUOC_DOI\traffic_demo\lcd\lcd.c
              dataReceive   0x000f01       data     extern E:\DO_AN_TKLL\DO_AN_CUOC_DOI\traffic_demo\simulate_machine\simulate_machine.c
                 dataSend   0x000f33       data     extern E:\DO_AN_TKLL\DO_AN_CUOC_DOI\traffic_demo\simulate_machine\simulate_machine.c
                 data_ptr   0x0001fd       data     static E:\3.46\pic18-lt\cxx-framework\src\traditional\startup\c018i.c
               duty_cycle   0x0000fd       data     extern E:\DO_AN_TKLL\DO_AN_CUOC_DOI\traffic_demo\pwm\pwm.c
            flagNewCmdRec   0x0000df       data     extern E:\DO_AN_TKLL\DO_AN_CUOC_DOI\traffic_demo\main.c
flagOfDataReceiveComplete   0x0001e6       data     extern E:\DO_AN_TKLL\DO_AN_CUOC_DOI\traffic_demo\simulate_machine\simulate_machine.c
          flagUartDataRec   0x000189       data     extern E:\DO_AN_TKLL\DO_AN_CUOC_DOI\traffic_demo\uart\uart.c
                flag_read   0x000f65       data     extern E:\DO_AN_TKLL\DO_AN_CUOC_DOI\traffic_demo\i2c\i2c.c
              flag_timer0   0x0001b1       data     extern E:\DO_AN_TKLL\DO_AN_CUOC_DOI\traffic_demo\timer\timer.c
              flag_timer1   0x0001b2       data     extern E:\DO_AN_TKLL\DO_AN_CUOC_DOI\traffic_demo\timer\timer.c
              flag_timer2   0x0001b3       data     extern E:\DO_AN_TKLL\DO_AN_CUOC_DOI\traffic_demo\timer\timer.c
              flag_timer3   0x0001b4       data     extern E:\DO_AN_TKLL\DO_AN_CUOC_DOI\traffic_demo\timer\timer.c
                        i   0x000f00       data     extern E:\DO_AN_TKLL\DO_AN_CUOC_DOI\traffic_demo\simulate_machine\simulate_machine.c
                 i2c_data   0x000f7f       data     extern E:\DO_AN_TKLL\DO_AN_CUOC_DOI\traffic_demo\i2c\i2c.c
       indexOfDataReceive   0x0001e8       data     extern E:\DO_AN_TKLL\DO_AN_CUOC_DOI\traffic_demo\simulate_machine\simulate_machine.c
           indexOfMachine   0x0001e7       data     extern E:\DO_AN_TKLL\DO_AN_CUOC_DOI\traffic_demo\simulate_machine\simulate_machine.c
            indexOfNumber   0x0000b5       data     extern E:\DO_AN_TKLL\DO_AN_CUOC_DOI\traffic_demo\main.c
          indexOfdataSend   0x0001e9       data     extern E:\DO_AN_TKLL\DO_AN_CUOC_DOI\traffic_demo\simulate_machine\simulate_machine.c
                index_add   0x000f67       data     extern E:\DO_AN_TKLL\DO_AN_CUOC_DOI\traffic_demo\i2c\i2c.c
                 key_code   0x000161       data     extern E:\DO_AN_TKLL\DO_AN_CUOC_DOI\traffic_demo\button_matrix\button.c
      numberOfDataReceive   0x0001ea       data     extern E:\DO_AN_TKLL\DO_AN_CUOC_DOI\traffic_demo\simulate_machine\simulate_machine.c
         numberOfDataSend   0x0001eb       data     extern E:\DO_AN_TKLL\DO_AN_CUOC_DOI\traffic_demo\simulate_machine\simulate_machine.c
              numberValue   0x0000f2       data     extern E:\DO_AN_TKLL\DO_AN_CUOC_DOI\traffic_demo\main.c
                 pH_value   0x0001ee       data     extern E:\DO_AN_TKLL\DO_AN_CUOC_DOI\traffic_demo\simulate_machine\simulate_machine.c
                     prom   0x0001f6       data     static E:\3.46\pic18-lt\cxx-framework\src\traditional\startup\c018i.c
                read_data   0x000f73       data     extern E:\DO_AN_TKLL\DO_AN_CUOC_DOI\traffic_demo\i2c\i2c.c
             receive_data   0x000f7e       data     extern E:\DO_AN_TKLL\DO_AN_CUOC_DOI\traffic_demo\i2c\i2c.c
             receive_flag   0x000f7c       data     extern E:\DO_AN_TKLL\DO_AN_CUOC_DOI\traffic_demo\i2c\i2c.c
                    speed   0x0000fb       data     extern E:\DO_AN_TKLL\DO_AN_CUOC_DOI\traffic_demo\pwm\pwm.c
             state_system   0x0000ed       data     extern E:\DO_AN_TKLL\DO_AN_CUOC_DOI\traffic_demo\main.c
                statusLCD   0x000140       data     extern E:\DO_AN_TKLL\DO_AN_CUOC_DOI\traffic_demo\lcd\lcd.c
            statusOfLight   0x0000b8       data     extern E:\DO_AN_TKLL\DO_AN_CUOC_DOI\traffic_demo\main.c
             statusOutput   0x000088       data     extern E:\DO_AN_TKLL\DO_AN_CUOC_DOI\traffic_demo\main.c
           statusPassword   0x0000b4       data     extern E:\DO_AN_TKLL\DO_AN_CUOC_DOI\traffic_demo\main.c
            statusReceive   0x0001e5       data     extern E:\DO_AN_TKLL\DO_AN_CUOC_DOI\traffic_demo\simulate_machine\simulate_machine.c
             statusSim900   0x0001e3       data     extern E:\DO_AN_TKLL\DO_AN_CUOC_DOI\traffic_demo\simulate_machine\simulate_machine.c
                tempCount   0x0001ec       data     extern E:\DO_AN_TKLL\DO_AN_CUOC_DOI\traffic_demo\simulate_machine\simulate_machine.c
                time0_MUL   0x0001c1       data     extern E:\DO_AN_TKLL\DO_AN_CUOC_DOI\traffic_demo\timer\timer.c
                time1_MUL   0x0001c3       data     extern E:\DO_AN_TKLL\DO_AN_CUOC_DOI\traffic_demo\timer\timer.c
                time2_MUL   0x0001c5       data     extern E:\DO_AN_TKLL\DO_AN_CUOC_DOI\traffic_demo\timer\timer.c
                time3_MUL   0x0001c7       data     extern E:\DO_AN_TKLL\DO_AN_CUOC_DOI\traffic_demo\timer\timer.c
       timeChangedataSend   0x0001f4       data     extern E:\DO_AN_TKLL\DO_AN_CUOC_DOI\traffic_demo\simulate_machine\simulate_machine.c
                timeDelay   0x0000b6       data     extern E:\DO_AN_TKLL\DO_AN_CUOC_DOI\traffic_demo\main.c
               timeDelay2   0x0000b7       data     extern E:\DO_AN_TKLL\DO_AN_CUOC_DOI\traffic_demo\main.c
        timeOfGreenPhase1   0x0000b9       data     extern E:\DO_AN_TKLL\DO_AN_CUOC_DOI\traffic_demo\main.c
        timeOfGreenPhase2   0x0000bb       data     extern E:\DO_AN_TKLL\DO_AN_CUOC_DOI\traffic_demo\main.c
             timeOfLight1   0x0000bd       data     extern E:\DO_AN_TKLL\DO_AN_CUOC_DOI\traffic_demo\main.c
             timeOfLight2   0x0000be       data     extern E:\DO_AN_TKLL\DO_AN_CUOC_DOI\traffic_demo\main.c
       timeOfYellowPhase1   0x0000ba       data     extern E:\DO_AN_TKLL\DO_AN_CUOC_DOI\traffic_demo\main.c
       timeOfYellowPhase2   0x0000bc       data     extern E:\DO_AN_TKLL\DO_AN_CUOC_DOI\traffic_demo\main.c
               timer0_cnt   0x0001b9       data     extern E:\DO_AN_TKLL\DO_AN_CUOC_DOI\traffic_demo\timer\timer.c
             timer0_value   0x0001a9       data     extern E:\DO_AN_TKLL\DO_AN_CUOC_DOI\traffic_demo\timer\timer.c
               timer1_cnt   0x0001bb       data     extern E:\DO_AN_TKLL\DO_AN_CUOC_DOI\traffic_demo\timer\timer.c
             timer1_value   0x0001ab       data     extern E:\DO_AN_TKLL\DO_AN_CUOC_DOI\traffic_demo\timer\timer.c
               timer2_cnt   0x0001bd       data     extern E:\DO_AN_TKLL\DO_AN_CUOC_DOI\traffic_demo\timer\timer.c
             timer2_value   0x0001ad       data     extern E:\DO_AN_TKLL\DO_AN_CUOC_DOI\traffic_demo\timer\timer.c
               timer3_cnt   0x0001bf       data     extern E:\DO_AN_TKLL\DO_AN_CUOC_DOI\traffic_demo\timer\timer.c
             timer3_value   0x0001af       data     extern E:\DO_AN_TKLL\DO_AN_CUOC_DOI\traffic_demo\timer\timer.c
              uartDataBuf   0x00018a       data     extern E:\DO_AN_TKLL\DO_AN_CUOC_DOI\traffic_demo\uart\uart.c
                   v_cnt0   0x0001b5       data     extern E:\DO_AN_TKLL\DO_AN_CUOC_DOI\traffic_demo\timer\timer.c
                   v_cnt1   0x0001b7       data     extern E:\DO_AN_TKLL\DO_AN_CUOC_DOI\traffic_demo\timer\timer.c
               write_data   0x000f68       data     extern E:\DO_AN_TKLL\DO_AN_CUOC_DOI\traffic_demo\i2c\i2c.c



                              Symbols - Sorted by Address
                     Name    Address   Location    Storage File                     
                ---------  ---------  ---------  --------- ---------                
                   _entry   0x000000    program     extern E:\3.46\pic18-lt\cxx-framework\src\traditional\startup\c018i.c
       ___return_lbl00000   0x000004    program     static                          
                   __init   0x000006    program     extern E:\3.46\pic18-lt\cxx-framework\src\traditional\stdclib\__init.c
      InterruptVectorHigh   0x000008    program     extern E:\DO_AN_TKLL\DO_AN_CUOC_DOI\traffic_demo\interrupt\interrupt.c
       ___return_lbl00003   0x00000c    program     static                          
       InterruptVectorLow   0x000018    program     extern E:\DO_AN_TKLL\DO_AN_CUOC_DOI\traffic_demo\interrupt\interrupt.c
       ___return_lbl00002   0x00001c    program     static                          
                     main   0x00008c    program     extern E:\DO_AN_TKLL\DO_AN_CUOC_DOI\traffic_demo\main.c
                 delay_ms   0x0000c0    program     extern E:\DO_AN_TKLL\DO_AN_CUOC_DOI\traffic_demo\main.c
              init_output   0x000148    program     extern E:\DO_AN_TKLL\DO_AN_CUOC_DOI\traffic_demo\main.c
              init_system   0x00014e    program     extern E:\DO_AN_TKLL\DO_AN_CUOC_DOI\traffic_demo\main.c
               OpenOutput   0x0001d0    program     extern E:\DO_AN_TKLL\DO_AN_CUOC_DOI\traffic_demo\main.c
              CloseOutput   0x000220    program     extern E:\DO_AN_TKLL\DO_AN_CUOC_DOI\traffic_demo\main.c
            ReverseOutput   0x000270    program     extern E:\DO_AN_TKLL\DO_AN_CUOC_DOI\traffic_demo\main.c
               TestOutput   0x0002ec    program     extern E:\DO_AN_TKLL\DO_AN_CUOC_DOI\traffic_demo\main.c
           Traffic_System   0x00036a    program     extern E:\DO_AN_TKLL\DO_AN_CUOC_DOI\traffic_demo\main.c
         App_PasswordDoor   0x0004b8    program     extern E:\DO_AN_TKLL\DO_AN_CUOC_DOI\traffic_demo\main.c
            CheckPassword   0x000a32    program     extern E:\DO_AN_TKLL\DO_AN_CUOC_DOI\traffic_demo\main.c
           isButtonNumber   0x000af2    program     extern E:\DO_AN_TKLL\DO_AN_CUOC_DOI\traffic_demo\main.c
            isLogOutEnter   0x000b44    program     extern E:\DO_AN_TKLL\DO_AN_CUOC_DOI\traffic_demo\main.c
            isButtonEnter   0x000b54    program     extern E:\DO_AN_TKLL\DO_AN_CUOC_DOI\traffic_demo\main.c
           isButtonSystem   0x000b64    program     extern E:\DO_AN_TKLL\DO_AN_CUOC_DOI\traffic_demo\main.c
                isButton1   0x000b74    program     extern E:\DO_AN_TKLL\DO_AN_CUOC_DOI\traffic_demo\main.c
                isButton2   0x000b84    program     extern E:\DO_AN_TKLL\DO_AN_CUOC_DOI\traffic_demo\main.c
                isButton3   0x000b94    program     extern E:\DO_AN_TKLL\DO_AN_CUOC_DOI\traffic_demo\main.c
                isButton4   0x000ba4    program     extern E:\DO_AN_TKLL\DO_AN_CUOC_DOI\traffic_demo\main.c
               UnlockDoor   0x000bb4    program     extern E:\DO_AN_TKLL\DO_AN_CUOC_DOI\traffic_demo\main.c
                 LockDoor   0x000bc4    program     extern E:\DO_AN_TKLL\DO_AN_CUOC_DOI\traffic_demo\main.c
           Phase1_GreenOn   0x000bd4    program     extern E:\DO_AN_TKLL\DO_AN_CUOC_DOI\traffic_demo\main.c
          Phase1_YellowOn   0x000c00    program     extern E:\DO_AN_TKLL\DO_AN_CUOC_DOI\traffic_demo\main.c
             Phase1_RedOn   0x000c2c    program     extern E:\DO_AN_TKLL\DO_AN_CUOC_DOI\traffic_demo\main.c
               Phase1_Off   0x000c58    program     extern E:\DO_AN_TKLL\DO_AN_CUOC_DOI\traffic_demo\main.c
           Phase2_GreenOn   0x000c84    program     extern E:\DO_AN_TKLL\DO_AN_CUOC_DOI\traffic_demo\main.c
          Phase2_YellowOn   0x000ca2    program     extern E:\DO_AN_TKLL\DO_AN_CUOC_DOI\traffic_demo\main.c
             Phase2_RedOn   0x000cc0    program     extern E:\DO_AN_TKLL\DO_AN_CUOC_DOI\traffic_demo\main.c
               Phase2_Off   0x000cde    program     extern E:\DO_AN_TKLL\DO_AN_CUOC_DOI\traffic_demo\main.c
                 Auto_FSM   0x000cfc    program     extern E:\DO_AN_TKLL\DO_AN_CUOC_DOI\traffic_demo\main.c
                      seg   0x001000    program     extern E:\DO_AN_TKLL\DO_AN_CUOC_DOI\traffic_demo\main.c
                 shiftout   0x0010a8    program     extern E:\DO_AN_TKLL\DO_AN_CUOC_DOI\traffic_demo\main.c
            setTimeOnline   0x00141a    program     extern E:\DO_AN_TKLL\DO_AN_CUOC_DOI\traffic_demo\main.c
                   isEmer   0x001452    program     extern E:\DO_AN_TKLL\DO_AN_CUOC_DOI\traffic_demo\main.c
                   isSlow   0x001458    program     extern E:\DO_AN_TKLL\DO_AN_CUOC_DOI\traffic_demo\main.c
                isWeather   0x00145e    program     extern E:\DO_AN_TKLL\DO_AN_CUOC_DOI\traffic_demo\main.c
            isChangedTime   0x001464    program     extern E:\DO_AN_TKLL\DO_AN_CUOC_DOI\traffic_demo\main.c
                lcd_delay   0x00146a    program     extern E:\DO_AN_TKLL\DO_AN_CUOC_DOI\traffic_demo\lcd\lcd.c
                 v_timer0   0x0014fa    program     extern E:\DO_AN_TKLL\DO_AN_CUOC_DOI\traffic_demo\lcd\lcd.c
          lcd_sendCommand   0x00158a    program     extern E:\DO_AN_TKLL\DO_AN_CUOC_DOI\traffic_demo\lcd\lcd.c
                 lcd_init   0x00160a    program     extern E:\DO_AN_TKLL\DO_AN_CUOC_DOI\traffic_demo\lcd\lcd.c
          lcd_read_status   0x00171a    program     extern E:\DO_AN_TKLL\DO_AN_CUOC_DOI\traffic_demo\lcd\lcd.c
            lcd_wait_busy   0x0017d0    program     extern E:\DO_AN_TKLL\DO_AN_CUOC_DOI\traffic_demo\lcd\lcd.c
          lcd_write_4bits   0x0017f0    program     extern E:\DO_AN_TKLL\DO_AN_CUOC_DOI\traffic_demo\lcd\lcd.c
            lcd_write_cmd   0x001836    program     extern E:\DO_AN_TKLL\DO_AN_CUOC_DOI\traffic_demo\lcd\lcd.c
           lcd_write_data   0x001872    program     extern E:\DO_AN_TKLL\DO_AN_CUOC_DOI\traffic_demo\lcd\lcd.c
              lcd_putchar   0x0018b0    program     extern E:\DO_AN_TKLL\DO_AN_CUOC_DOI\traffic_demo\lcd\lcd.c
           lcd_print_char   0x0018ca    program     extern E:\DO_AN_TKLL\DO_AN_CUOC_DOI\traffic_demo\lcd\lcd.c
            lcd_print_str   0x0018e4    program     extern E:\DO_AN_TKLL\DO_AN_CUOC_DOI\traffic_demo\lcd\lcd.c
           lcd_set_cursor   0x001924    program     extern E:\DO_AN_TKLL\DO_AN_CUOC_DOI\traffic_demo\lcd\lcd.c
                lcd_clear   0x00195e    program     extern E:\DO_AN_TKLL\DO_AN_CUOC_DOI\traffic_demo\lcd\lcd.c
             lcd_power_of   0x001972    program     extern E:\DO_AN_TKLL\DO_AN_CUOC_DOI\traffic_demo\lcd\lcd.c
            lcd_print_num   0x001a54    program     extern E:\DO_AN_TKLL\DO_AN_CUOC_DOI\traffic_demo\lcd\lcd.c
              LcdPrintNum   0x001c8a    program     extern E:\DO_AN_TKLL\DO_AN_CUOC_DOI\traffic_demo\lcd\lcd.c
           LcdPrintString   0x001cd2    program     extern E:\DO_AN_TKLL\DO_AN_CUOC_DOI\traffic_demo\lcd\lcd.c
          lcd_print_charS   0x001d06    program     extern E:\DO_AN_TKLL\DO_AN_CUOC_DOI\traffic_demo\lcd\lcd.c
                LcdClearS   0x001d4c    program     extern E:\DO_AN_TKLL\DO_AN_CUOC_DOI\traffic_demo\lcd\lcd.c
         DisplayLcdScreen   0x001daa    program     extern E:\DO_AN_TKLL\DO_AN_CUOC_DOI\traffic_demo\lcd\lcd.c
        DisplayLcdScreen2   0x001ea2    program     extern E:\DO_AN_TKLL\DO_AN_CUOC_DOI\traffic_demo\lcd\lcd.c
      DisplayLcdScreenOld   0x001f28    program     extern E:\DO_AN_TKLL\DO_AN_CUOC_DOI\traffic_demo\lcd\lcd.c
            LcdPrintCharS   0x001f92    program     extern E:\DO_AN_TKLL\DO_AN_CUOC_DOI\traffic_demo\lcd\lcd.c
             LcdPrintNumS   0x002006    program     extern E:\DO_AN_TKLL\DO_AN_CUOC_DOI\traffic_demo\lcd\lcd.c
          LcdPrintStringS   0x002254    program     extern E:\DO_AN_TKLL\DO_AN_CUOC_DOI\traffic_demo\lcd\lcd.c
          init_key_matrix   0x0022aa    program     extern E:\DO_AN_TKLL\DO_AN_CUOC_DOI\traffic_demo\button_matrix\button.c
init_key_matrix_with_uart_i2c   0x0022b2    program     extern E:\DO_AN_TKLL\DO_AN_CUOC_DOI\traffic_demo\button_matrix\button.c
          scan_key_matrix   0x0022c2    program     extern E:\DO_AN_TKLL\DO_AN_CUOC_DOI\traffic_demo\button_matrix\button.c
[...]
                    TRISB   0x000f93       data     extern E:\3.46\pic18-lt\cxx-framework\src\traditional\proc\p18f4620.asm
                     DDRB   0x000f93       data     extern E:\3.46\pic18-lt\cxx-framework\src\traditional\proc\p18f4620.asm
                 DDRBbits   0x000f93       data     extern E:\3.46\pic18-lt\cxx-framework\src\traditional\proc\p18f4620.asm
                     DDRC   0x000f94       data     extern E:\3.46\pic18-lt\cxx-framework\src\traditional\proc\p18f4620.asm
                 DDRCbits   0x000f94       data     extern E:\3.46\pic18-lt\cxx-framework\src\traditional\proc\p18f4620.asm
                TRISCbits   0x000f94       data     extern E:\3.46\pic18-lt\cxx-framework\src\traditional\proc\p18f4620.asm
                    TRISC   0x000f94       data     extern E:\3.46\pic18-lt\cxx-framework\src\traditional\proc\p18f4620.asm
                 DDRDbits   0x000f95       data     extern E:\3.46\pic18-lt\cxx-framework\src\traditional\proc\p18f4620.asm
                     DDRD   0x000f95       data     extern E:\3.46\pic18-lt\cxx-framework\src\traditional\proc\p18f4620.asm
                TRISDbits   0x000f95       data     extern E:\3.46\pic18-lt\cxx-framework\src\traditional\proc\p18f4620.asm
                    TRISD   0x000f95       data     extern E:\3.46\pic18-lt\cxx-framework\src\traditional\proc\p18f4620.asm
                TRISEbits   0x000f96       data     extern E:\3.46\pic18-lt\cxx-framework\src\traditional\proc\p18f4620.asm
                    TRISE   0x000f96       data     extern E:\3.46\pic18-lt\cxx-framework\src\traditional\proc\p18f4620.asm
                     DDRE   0x000f96       data     extern E:\3.46\pic18-lt\cxx-framework\src\traditional\proc\p18f4620.asm
                 DDREbits   0x000f96       data     extern E:\3.46\pic18-lt\cxx-framework\src\traditional\proc\p18f4620.asm
              OSCTUNEbits   0x000f9b       data     extern E:\3.46\pic18-lt\cxx-framework\src\traditional\proc\p18f4620.asm
                  OSCTUNE   0x000f9b       data     extern E:\3.46\pic18-lt\cxx-framework\src\traditional\proc\p18f4620.asm
                 PIE1bits   0x000f9d       data     extern E:\3.46\pic18-lt\cxx-framework\src\traditional\proc\p18f4620.asm
                     PIE1   0x000f9d       data     extern E:\3.46\pic18-lt\cxx-framework\src\traditional\proc\p18f4620.asm
                 PIR1bits   0x000f9e       data     extern E:\3.46\pic18-lt\cxx-framework\src\traditional\proc\p18f4620.asm
                     PIR1   0x000f9e       data     extern E:\3.46\pic18-lt\cxx-framework\src\traditional\proc\p18f4620.asm
                     IPR1   0x000f9f       data     extern E:\3.46\pic18-lt\cxx-framework\src\traditional\proc\p18f4620.asm
                 IPR1bits   0x000f9f       data     extern E:\3.46\pic18-lt\cxx-framework\src\traditional\proc\p18f4620.asm
                 PIE2bits   0x000fa0       data     extern E:\3.46\pic18-lt\cxx-framework\src\traditional\proc\p18f4620.asm
                     PIE2   0x000fa0       data     extern E:\3.46\pic18-lt\cxx-framework\src\traditional\proc\p18f4620.asm
                 PIR2bits   0x000fa1       data     extern E:\3.46\pic18-lt\cxx-framework\src\traditional\proc\p18f4620.asm
                     PIR2   0x000fa1       data     extern E:\3.46\pic18-lt\cxx-framework\src\traditional\proc\p18f4620.asm
                     IPR2   0x000fa2       data     extern E:\3.46\pic18-lt\cxx-framework\src\traditional\proc\p18f4620.asm
                 IPR2bits   0x000fa2       data     extern E:\3.46\pic18-lt\cxx-framework\src\traditional\proc\p18f4620.asm
               EECON1bits   0x000fa6       data     extern E:\3.46\pic18-lt\cxx-framework\src\traditional\proc\p18f4620.asm
                   EECON1   0x000fa6       data     extern E:\3.46\pic18-lt\cxx-framework\src\traditional\proc\p18f4620.asm
                   EECON2   0x000fa7       data     extern E:\3.46\pic18-lt\cxx-framework\src\traditional\proc\p18f4620.asm
                   EEDATA   0x000fa8       data     extern E:\3.46\pic18-lt\cxx-framework\src\traditional\proc\p18f4620.asm
                    EEADR   0x000fa9       data     extern E:\3.46\pic18-lt\cxx-framework\src\traditional\proc\p18f4620.asm
                   EEADRH   0x000faa       data     extern E:\3.46\pic18-lt\cxx-framework\src\traditional\proc\p18f4620.asm
                RCSTAbits   0x000fab       data     extern E:\3.46\pic18-lt\cxx-framework\src\traditional\proc\p18f4620.asm
                    RCSTA   0x000fab       data     extern E:\3.46\pic18-lt\cxx-framework\src\traditional\proc\p18f4620.asm
                    TXSTA   0x000fac       data     extern E:\3.46\pic18-lt\cxx-framework\src\traditional\proc\p18f4620.asm
                TXSTAbits   0x000fac       data     extern E:\3.46\pic18-lt\cxx-framework\src\traditional\proc\p18f4620.asm
                    TXREG   0x000fad       data     extern E:\3.46\pic18-lt\cxx-framework\src\traditional\proc\p18f4620.asm
                    RCREG   0x000fae       data     extern E:\3.46\pic18-lt\cxx-framework\src\traditional\proc\p18f4620.asm
                    SPBRG   0x000faf       data     extern E:\3.46\pic18-lt\cxx-framework\src\traditional\proc\p18f4620.asm
                   SPBRGH   0x000fb0       data     extern E:\3.46\pic18-lt\cxx-framework\src\traditional\proc\p18f4620.asm
                    T3CON   0x000fb1       data     extern E:\3.46\pic18-lt\cxx-framework\src\traditional\proc\p18f4620.asm
                T3CONbits   0x000fb1       data     extern E:\3.46\pic18-lt\cxx-framework\src\traditional\proc\p18f4620.asm
                    TMR3L   0x000fb2       data     extern E:\3.46\pic18-lt\cxx-framework\src\traditional\proc\p18f4620.asm
                    TMR3H   0x000fb3       data     extern E:\3.46\pic18-lt\cxx-framework\src\traditional\proc\p18f4620.asm
                CMCONbits   0x000fb4       data     extern E:\3.46\pic18-lt\cxx-framework\src\traditional\proc\p18f4620.asm
                    CMCON   0x000fb4       data     extern E:\3.46\pic18-lt\cxx-framework\src\traditional\proc\p18f4620.asm
                   CVRCON   0x000fb5       data     extern E:\3.46\pic18-lt\cxx-framework\src\traditional\proc\p18f4620.asm
               CVRCONbits   0x000fb5       data     extern E:\3.46\pic18-lt\cxx-framework\src\traditional\proc\p18f4620.asm
              ECCP1ASbits   0x000fb6       data     extern E:\3.46\pic18-lt\cxx-framework\src\traditional\proc\p18f4620.asm
                  ECCP1AS   0x000fb6       data     extern E:\3.46\pic18-lt\cxx-framework\src\traditional\proc\p18f4620.asm
              PWM1CONbits   0x000fb7       data     extern E:\3.46\pic18-lt\cxx-framework\src\traditional\proc\p18f4620.asm
                  PWM1CON   0x000fb7       data     extern E:\3.46\pic18-lt\cxx-framework\src\traditional\proc\p18f4620.asm
                  BAUDCON   0x000fb8       data     extern E:\3.46\pic18-lt\cxx-framework\src\traditional\proc\p18f4620.asm
              BAUDCONbits   0x000fb8       data     extern E:\3.46\pic18-lt\cxx-framework\src\traditional\proc\p18f4620.asm
                  BAUDCTL   0x000fb8       data     extern E:\3.46\pic18-lt\cxx-framework\src\traditional\proc\p18f4620.asm
              BAUDCTLbits   0x000fb8       data     extern E:\3.46\pic18-lt\cxx-framework\src\traditional\proc\p18f4620.asm
                  CCP2CON   0x000fba       data     extern E:\3.46\pic18-lt\cxx-framework\src\traditional\proc\p18f4620.asm
              CCP2CONbits   0x000fba       data     extern E:\3.46\pic18-lt\cxx-framework\src\traditional\proc\p18f4620.asm
                    CCPR2   0x000fbb       data     extern E:\3.46\pic18-lt\cxx-framework\src\traditional\proc\p18f4620.asm
                   CCPR2L   0x000fbb       data     extern E:\3.46\pic18-lt\cxx-framework\src\traditional\proc\p18f4620.asm
                   CCPR2H   0x000fbc       data     extern E:\3.46\pic18-lt\cxx-framework\src\traditional\proc\p18f4620.asm
              CCP1CONbits   0x000fbd       data     extern E:\3.46\pic18-lt\cxx-framework\src\traditional\proc\p18f4620.asm
                  CCP1CON   0x000fbd       data     extern E:\3.46\pic18-lt\cxx-framework\src\traditional\proc\p18f4620.asm
                    CCPR1   0x000fbe       data     extern E:\3.46\pic18-lt\cxx-framework\src\traditional\proc\p18f4620.asm
                   CCPR1L   0x000fbe       data     extern E:\3.46\pic18-lt\cxx-framework\src\traditional\proc\p18f4620.asm
                   CCPR1H   0x000fbf       data     extern E:\3.46\pic18-lt\cxx-framework\src\traditional\proc\p18f4620.asm
               ADCON2bits   0x000fc0       data     extern E:\3.46\pic18-lt\cxx-framework\src\traditional\proc\p18f4620.asm
                   ADCON2   0x000fc0       data     extern E:\3.46\pic18-lt\cxx-framework\src\traditional\proc\p18f4620.asm
               ADCON1bits   0x000fc1       data     extern E:\3.46\pic18-lt\cxx-framework\src\traditional\proc\p18f4620.asm
                   ADCON1   0x000fc1       data     extern E:\3.46\pic18-lt\cxx-framework\src\traditional\proc\p18f4620.asm
                   ADCON0   0x000fc2       data     extern E:\3.46\pic18-lt\cxx-framework\src\traditional\proc\p18f4620.asm
               ADCON0bits   0x000fc2       data     extern E:\3.46\pic18-lt\cxx-framework\src\traditional\proc\p18f4620.asm
                    ADRES   0x000fc3       data     extern E:\3.46\pic18-lt\cxx-framework\src\traditional\proc\p18f4620.asm
                   ADRESL   0x000fc3       data     extern E:\3.46\pic18-lt\cxx-framework\src\traditional\proc\p18f4620.asm
                   ADRESH   0x000fc4       data     extern E:\3.46\pic18-lt\cxx-framework\src\traditional\proc\p18f4620.asm
                  SSPCON2   0x000fc5       data     extern E:\3.46\pic18-lt\cxx-framework\src\traditional\proc\p18f4620.asm
              SSPCON2bits   0x000fc5       data     extern E:\3.46\pic18-lt\cxx-framework\src\traditional\proc\p18f4620.asm
                  SSPCON1   0x000fc6       data     extern E:\3.46\pic18-lt\cxx-framework\src\traditional\proc\p18f4620.asm
              SSPCON1bits   0x000fc6       data     extern E:\3.46\pic18-lt\cxx-framework\src\traditional\proc\p18f4620.asm
                  SSPSTAT   0x000fc7       data     extern E:\3.46\pic18-lt\cxx-framework\src\traditional\proc\p18f4620.asm
              SSPSTATbits   0x000fc7       data     extern E:\3.46\pic18-lt\cxx-framework\src\traditional\proc\p18f4620.asm
                   SSPADD   0x000fc8       data     extern E:\3.46\pic18-lt\cxx-framework\src\traditional\proc\p18f4620.asm
                   SSPBUF   0x000fc9       data     extern E:\3.46\pic18-lt\cxx-framework\src\traditional\proc\p18f4620.asm
                    T2CON   0x000fca       data     extern E:\3.46\pic18-lt\cxx-framework\src\traditional\proc\p18f4620.asm
                T2CONbits   0x000fca       data     extern E:\3.46\pic18-lt\cxx-framework\src\traditional\proc\p18f4620.asm
                      PR2   0x000fcb       data     extern E:\3.46\pic18-lt\cxx-framework\src\traditional\proc\p18f4620.asm
                     TMR2   0x000fcc       data     extern E:\3.46\pic18-lt\cxx-framework\src\traditional\proc\p18f4620.asm
                T1CONbits   0x000fcd       data     extern E:\3.46\pic18-lt\cxx-framework\src\traditional\proc\p18f4620.asm
                    T1CON   0x000fcd       data     extern E:\3.46\pic18-lt\cxx-framework\src\traditional\proc\p18f4620.asm
                    TMR1L   0x000fce       data     extern E:\3.46\pic18-lt\cxx-framework\src\traditional\proc\p18f4620.asm
                    TMR1H   0x000fcf       data     extern E:\3.46\pic18-lt\cxx-framework\src\traditional\proc\p18f4620.asm
                     RCON   0x000fd0       data     extern E:\3.46\pic18-lt\cxx-framework\src\traditional\proc\p18f4620.asm
                 RCONbits   0x000fd0       data     extern E:\3.46\pic18-lt\cxx-framework\src\traditional\proc\p18f4620.asm
               WDTCONbits   0x000fd1       data     extern E:\3.46\pic18-lt\cxx-framework\src\traditional\proc\p18f4620.asm
                   WDTCON   0x000fd1       data     extern E:\3.46\pic18-lt\cxx-framework\src\traditional\proc\p18f4620.asm
               LVDCONbits   0x000fd2       data     extern E:\3.46\pic18-lt\cxx-framework\src\traditional\proc\p18f4620.asm
                   LVDCON   0x000fd2       data     extern E:\3.46\pic18-lt\cxx-framework\src\traditional\proc\p18f4620.asm
              HLVDCONbits   0x000fd2       data     extern E:\3.46\pic18-lt\cxx-framework\src\traditional\proc\p18f4620.asm
                  HLVDCON   0x000fd2       data     extern E:\3.46\pic18-lt\cxx-framework\src\traditional\proc\p18f4620.asm
               OSCCONbits   0x000fd3       data     extern E:\3.46\pic18-lt\cxx-framework\src\traditional\proc\p18f4620.asm
                   OSCCON   0x000fd3       data     extern E:\3.46\pic18-lt\cxx-framework\src\traditional\proc\p18f4620.asm
                T0CONbits   0x000fd5       data     extern E:\3.46\pic18-lt\cxx-framework\src\traditional\proc\p18f4620.asm
                    T0CON   0x000fd5       data     extern E:\3.46\pic18-lt\cxx-framework\src\traditional\proc\p18f4620.asm
                    TMR0L   0x000fd6       data     extern E:\3.46\pic18-lt\cxx-framework\src\traditional\proc\p18f4620.asm
                    TMR0H   0x000fd7       data     extern E:\3.46\pic18-lt\cxx-framework\src\traditional\proc\p18f4620.asm
                   STATUS   0x000fd8       data     extern E:\3.46\pic18-lt\cxx-framework\src\traditional\proc\p18f4620.asm
               STATUSbits   0x000fd8       data     extern E:\3.46\pic18-lt\cxx-framework\src\traditional\proc\p18f4620.asm
                     FSR2   0x000fd9       data     extern E:\3.46\pic18-lt\cxx-framework\src\traditional\proc\p18f4620.asm
                    FSR2L   0x000fd9       data     extern E:\3.46\pic18-lt\cxx-framework\src\traditional\proc\p18f4620.asm
                    FSR2H   0x000fda       data     extern E:\3.46\pic18-lt\cxx-framework\src\traditional\proc\p18f4620.asm
                   PLUSW2   0x000fdb       data     extern E:\3.46\pic18-lt\cxx-framework\src\traditional\proc\p18f4620.asm
                  PREINC2   0x000fdc       data     extern E:\3.46\pic18-lt\cxx-framework\src\traditional\proc\p18f4620.asm
                 POSTDEC2   0x000fdd       data     extern E:\3.46\pic18-lt\cxx-framework\src\traditional\proc\p18f4620.asm
                 POSTINC2   0x000fde       data     extern E:\3.46\pic18-lt\cxx-framework\src\traditional\proc\p18f4620.asm
                    INDF2   0x000fdf       data     extern E:\3.46\pic18-lt\cxx-framework\src\traditional\proc\p18f4620.asm
                      BSR   0x000fe0       data     extern E:\3.46\pic18-lt\cxx-framework\src\traditional\proc\p18f4620.asm
                     FSR1   0x000fe1       data     extern E:\3.46\pic18-lt\cxx-framework\src\traditional\proc\p18f4620.asm
                    FSR1L   0x000fe1       data     extern E:\3.46\pic18-lt\cxx-framework\src\traditional\proc\p18f4620.asm
                    FSR1H   0x000fe2       data     extern E:\3.46\pic18-lt\cxx-framework\src\traditional\proc\p18f4620.asm
                   PLUSW1   0x000fe3       data     extern E:\3.46\pic18-lt\cxx-framework\src\traditional\proc\p18f4620.asm
                  PREINC1   0x000fe4       data     extern E:\3.46\pic18-lt\cxx-framework\src\traditional\proc\p18f4620.asm
                 POSTDEC1   0x000fe5       data     extern E:\3.46\pic18-lt\cxx-framework\src\traditional\proc\p18f4620.asm
                 POSTINC1   0x000fe6       data     extern E:\3.46\pic18-lt\cxx-framework\src\traditional\proc\p18f4620.asm
                    INDF1   0x000fe7       data     extern E:\3.46\pic18-lt\cxx-framework\src\traditional\proc\p18f4620.asm
                        W   0x000fe8       data     extern E:\3.46\pic18-lt\cxx-framework\src\traditional\proc\p18f4620.asm
                     WREG   0x000fe8       data     extern E:\3.46\pic18-lt\cxx-framework\src\traditional\proc\p18f4620.asm
                    FSR0L   0x000fe9       data     extern E:\3.46\pic18-lt\cxx-framework\src\traditional\proc\p18f4620.asm
                     FSR0   0x000fe9       data     extern E:\3.46\pic18-lt\cxx-framework\src\traditional\proc\p18f4620.asm
                    FSR0H   0x000fea       data     extern E:\3.46\pic18-lt\cxx-framework\src\traditional\proc\p18f4620.asm
                   PLUSW0   0x000feb       data     extern E:\3.46\pic18-lt\cxx-framework\src\traditional\proc\p18f4620.asm
                  PREINC0   0x000fec       data     extern E:\3.46\pic18-lt\cxx-framework\src\traditional\proc\p18f4620.asm
                 POSTDEC0   0x000fed       data     extern E:\3.46\pic18-lt\cxx-framework\src\traditional\proc\p18f4620.asm
                 POSTINC0   0x000fee       data     extern E:\3.46\pic18-lt\cxx-framework\src\traditional\proc\p18f4620.asm
                    INDF0   0x000fef       data     extern E:\3.46\pic18-lt\cxx-framework\src\traditional\proc\p18f4620.asm
              INTCON3bits   0x000ff0       data     extern E:\3.46\pic18-lt\cxx-framework\src\traditional\proc\p18f4620.asm
                  INTCON3   0x000ff0       data     extern E:\3.46\pic18-lt\cxx-framework\src\traditional\proc\p18f4620.asm
                  INTCON2   0x000ff1       data     extern E:\3.46\pic18-lt\cxx-framework\src\traditional\proc\p18f4620.asm
              INTCON2bits   0x000ff1       data     extern E:\3.46\pic18-lt\cxx-framework\src\traditional\proc\p18f4620.asm
                   INTCON   0x000ff2       data     extern E:\3.46\pic18-lt\cxx-framework\src\traditional\proc\p18f4620.asm
               INTCONbits   0x000ff2       data     extern E:\3.46\pic18-lt\cxx-framework\src\traditional\proc\p18f4620.asm
                     PROD   0x000ff3       data     extern E:\3.46\pic18-lt\cxx-framework\src\traditional\proc\p18f4620.asm
                    PRODL   0x000ff3       data     extern E:\3.46\pic18-lt\cxx-framework\src\traditional\proc\p18f4620.asm
                    PRODH   0x000ff4       data     extern E:\3.46\pic18-lt\cxx-framework\src\traditional\proc\p18f4620.asm
                   TABLAT   0x000ff5       data     extern E:\3.46\pic18-lt\cxx-framework\src\traditional\proc\p18f4620.asm
                  TBLPTRL   0x000ff6       data     extern E:\3.46\pic18-lt\cxx-framework\src\traditional\proc\p18f4620.asm
                   TBLPTR   0x000ff6       data     extern E:\3.46\pic18-lt\cxx-framework\src\traditional\proc\p18f4620.asm
                  TBLPTRH   0x000ff7       data     extern E:\3.46\pic18-lt\cxx-framework\src\traditional\proc\p18f4620.asm
                  TBLPTRU   0x000ff8       data     extern E:\3.46\pic18-lt\cxx-framework\src\traditional\proc\p18f4620.asm
                       PC   0x000ff9       data     extern E:\3.46\pic18-lt\cxx-framework\src\traditional\proc\p18f4620.asm
                      PCL   0x000ff9       data     extern E:\3.46\pic18-lt\cxx-framework\src\traditional\proc\p18f4620.asm
                   PCLATH   0x000ffa       data     extern E:\3.46\pic18-lt\cxx-framework\src\traditional\proc\p18f4620.asm
                   PCLATU   0x000ffb       data     extern E:\3.46\pic18-lt\cxx-framework\src\traditional\proc\p18f4620.asm
                   STKPTR   0x000ffc       data     extern E:\3.46\pic18-lt\cxx-framework\src\traditional\proc\p18f4620.asm
               STKPTRbits   0x000ffc       data     extern E:\3.46\pic18-lt\cxx-framework\src\traditional\proc\p18f4620.asm
                      TOS   0x000ffd       data     extern E:\3.46\pic18-lt\cxx-framework\src\traditional\proc\p18f4620.asm
                     TOSL   0x000ffd       data     extern E:\3.46\pic18-lt\cxx-framework\src\traditional\proc\p18f4620.asm
                     TOSH   0x000ffe       data     extern E:\3.46\pic18-lt\cxx-framework\src\traditional\proc\p18f4620.asm
                     TOSU   0x000fff       data     extern E:\3.46\pic18-lt\cxx-framework\src\traditional\proc\p18f4620.asm


